Archive member included because of file (symbol)

c:/altera/13.0sp1/nios2eds/bin/gnu/h-i686-mingw32/bin/../lib/gcc/nios2-elf/4.1.2/../../../../nios2-elf/lib/mno-hw-mul\libc.a(lib_a-puts.o)
                              obj/default/hello_world.o (puts)
c:/altera/13.0sp1/nios2eds/bin/gnu/h-i686-mingw32/bin/../lib/gcc/nios2-elf/4.1.2/../../../../nios2-elf/lib/mno-hw-mul\libc.a(lib_a-strlen.o)
                              c:/altera/13.0sp1/nios2eds/bin/gnu/h-i686-mingw32/bin/../lib/gcc/nios2-elf/4.1.2/../../../../nios2-elf/lib/mno-hw-mul\libc.a(lib_a-puts.o) (strlen)
c:/altera/13.0sp1/nios2eds/bin/gnu/h-i686-mingw32/bin/../lib/gcc/nios2-elf/4.1.2/../../../../nios2-elf/lib/mno-hw-mul\libc.a(lib_a-fvwrite.o)
                              c:/altera/13.0sp1/nios2eds/bin/gnu/h-i686-mingw32/bin/../lib/gcc/nios2-elf/4.1.2/../../../../nios2-elf/lib/mno-hw-mul\libc.a(lib_a-puts.o) (__sfvwrite_r)
c:/altera/13.0sp1/nios2eds/bin/gnu/h-i686-mingw32/bin/../lib/gcc/nios2-elf/4.1.2/../../../../nios2-elf/lib/mno-hw-mul\libc.a(lib_a-impure.o)
                              c:/altera/13.0sp1/nios2eds/bin/gnu/h-i686-mingw32/bin/../lib/gcc/nios2-elf/4.1.2/../../../../nios2-elf/lib/mno-hw-mul\libc.a(lib_a-puts.o) (_impure_ptr)
c:/altera/13.0sp1/nios2eds/bin/gnu/h-i686-mingw32/bin/../lib/gcc/nios2-elf/4.1.2/../../../../nios2-elf/lib/mno-hw-mul\libc.a(lib_a-mallocr.o)
                              c:/altera/13.0sp1/nios2eds/bin/gnu/h-i686-mingw32/bin/../lib/gcc/nios2-elf/4.1.2/../../../../nios2-elf/lib/mno-hw-mul\libc.a(lib_a-fvwrite.o) (_malloc_r)
c:/altera/13.0sp1/nios2eds/bin/gnu/h-i686-mingw32/bin/../lib/gcc/nios2-elf/4.1.2/../../../../nios2-elf/lib/mno-hw-mul\libc.a(lib_a-memchr.o)
                              c:/altera/13.0sp1/nios2eds/bin/gnu/h-i686-mingw32/bin/../lib/gcc/nios2-elf/4.1.2/../../../../nios2-elf/lib/mno-hw-mul\libc.a(lib_a-fvwrite.o) (memchr)
c:/altera/13.0sp1/nios2eds/bin/gnu/h-i686-mingw32/bin/../lib/gcc/nios2-elf/4.1.2/../../../../nios2-elf/lib/mno-hw-mul\libc.a(lib_a-memcpy.o)
                              c:/altera/13.0sp1/nios2eds/bin/gnu/h-i686-mingw32/bin/../lib/gcc/nios2-elf/4.1.2/../../../../nios2-elf/lib/mno-hw-mul\libc.a(lib_a-fvwrite.o) (memcpy)
c:/altera/13.0sp1/nios2eds/bin/gnu/h-i686-mingw32/bin/../lib/gcc/nios2-elf/4.1.2/../../../../nios2-elf/lib/mno-hw-mul\libc.a(lib_a-memmove.o)
                              c:/altera/13.0sp1/nios2eds/bin/gnu/h-i686-mingw32/bin/../lib/gcc/nios2-elf/4.1.2/../../../../nios2-elf/lib/mno-hw-mul\libc.a(lib_a-fvwrite.o) (memmove)
c:/altera/13.0sp1/nios2eds/bin/gnu/h-i686-mingw32/bin/../lib/gcc/nios2-elf/4.1.2/../../../../nios2-elf/lib/mno-hw-mul\libc.a(lib_a-reallocr.o)
                              c:/altera/13.0sp1/nios2eds/bin/gnu/h-i686-mingw32/bin/../lib/gcc/nios2-elf/4.1.2/../../../../nios2-elf/lib/mno-hw-mul\libc.a(lib_a-fvwrite.o) (_realloc_r)
c:/altera/13.0sp1/nios2eds/bin/gnu/h-i686-mingw32/bin/../lib/gcc/nios2-elf/4.1.2/../../../../nios2-elf/lib/mno-hw-mul\libc.a(lib_a-sbrkr.o)
                              c:/altera/13.0sp1/nios2eds/bin/gnu/h-i686-mingw32/bin/../lib/gcc/nios2-elf/4.1.2/../../../../nios2-elf/lib/mno-hw-mul\libc.a(lib_a-mallocr.o) (_sbrk_r)
c:/altera/13.0sp1/nios2eds/bin/gnu/h-i686-mingw32/bin/../lib/gcc/nios2-elf/4.1.2/../../../../nios2-elf/lib/mno-hw-mul\libc.a(lib_a-wsetup.o)
                              c:/altera/13.0sp1/nios2eds/bin/gnu/h-i686-mingw32/bin/../lib/gcc/nios2-elf/4.1.2/../../../../nios2-elf/lib/mno-hw-mul\libc.a(lib_a-fvwrite.o) (__swsetup_r)
c:/altera/13.0sp1/nios2eds/bin/gnu/h-i686-mingw32/bin/../lib/gcc/nios2-elf/4.1.2/../../../../nios2-elf/lib/mno-hw-mul\libc.a(lib_a-fflush.o)
                              c:/altera/13.0sp1/nios2eds/bin/gnu/h-i686-mingw32/bin/../lib/gcc/nios2-elf/4.1.2/../../../../nios2-elf/lib/mno-hw-mul\libc.a(lib_a-fvwrite.o) (_fflush_r)
c:/altera/13.0sp1/nios2eds/bin/gnu/h-i686-mingw32/bin/../lib/gcc/nios2-elf/4.1.2/../../../../nios2-elf/lib/mno-hw-mul\libc.a(lib_a-findfp.o)
                              c:/altera/13.0sp1/nios2eds/bin/gnu/h-i686-mingw32/bin/../lib/gcc/nios2-elf/4.1.2/../../../../nios2-elf/lib/mno-hw-mul\libc.a(lib_a-wsetup.o) (__sinit)
c:/altera/13.0sp1/nios2eds/bin/gnu/h-i686-mingw32/bin/../lib/gcc/nios2-elf/4.1.2/../../../../nios2-elf/lib/mno-hw-mul\libc.a(lib_a-freer.o)
                              c:/altera/13.0sp1/nios2eds/bin/gnu/h-i686-mingw32/bin/../lib/gcc/nios2-elf/4.1.2/../../../../nios2-elf/lib/mno-hw-mul\libc.a(lib_a-fvwrite.o) (_free_r)
c:/altera/13.0sp1/nios2eds/bin/gnu/h-i686-mingw32/bin/../lib/gcc/nios2-elf/4.1.2/../../../../nios2-elf/lib/mno-hw-mul\libc.a(lib_a-fwalk.o)
                              c:/altera/13.0sp1/nios2eds/bin/gnu/h-i686-mingw32/bin/../lib/gcc/nios2-elf/4.1.2/../../../../nios2-elf/lib/mno-hw-mul\libc.a(lib_a-fflush.o) (_fwalk_reent)
c:/altera/13.0sp1/nios2eds/bin/gnu/h-i686-mingw32/bin/../lib/gcc/nios2-elf/4.1.2/../../../../nios2-elf/lib/mno-hw-mul\libc.a(lib_a-int_errno.o)
[...]
Memory Configuration

Name             Origin             Length             Attributes
reset            0x02800000         0x00000020
sdram_ctrl       0x02800020         0x007fffe0
*default*        0x00000000         0xffffffff

Linker script and memory map

LOAD ../final_test_bsp//obj/HAL/src/crt0.o
LOAD obj/default/hello_world.o
LOAD c:/altera/13.0sp1/nios2eds/bin/gnu/h-i686-mingw32/bin/../lib/gcc/nios2-elf/4.1.2/../../../../nios2-elf/lib/mno-hw-mul\libstdc++.a
LOAD c:/altera/13.0sp1/nios2eds/bin/gnu/h-i686-mingw32/bin/../lib/gcc/nios2-elf/4.1.2/../../../../nios2-elf/lib/mno-hw-mul\libm.a
LOAD c:/altera/13.0sp1/nios2eds/bin/gnu/h-i686-mingw32/bin/../lib/gcc/nios2-elf/4.1.2/mno-hw-mul\libgcc.a
START GROUP
LOAD c:/altera/13.0sp1/nios2eds/bin/gnu/h-i686-mingw32/bin/../lib/gcc/nios2-elf/4.1.2/../../../../nios2-elf/lib/mno-hw-mul\libc.a
LOAD c:/altera/13.0sp1/nios2eds/bin/gnu/h-i686-mingw32/bin/../lib/gcc/nios2-elf/4.1.2/mno-hw-mul\libgcc.a
LOAD ../final_test_bsp/\libhal_bsp.a
END GROUP
LOAD c:/altera/13.0sp1/nios2eds/bin/gnu/h-i686-mingw32/bin/../lib/gcc/nios2-elf/4.1.2/mno-hw-mul\libgcc.a
                0x02800000                __alt_mem_sdram_ctrl = 0x2800000

.entry          0x02800000       0x20
 *(.entry)
 .entry         0x02800000       0x20 ../final_test_bsp//obj/HAL/src/crt0.o
                0x02800000                __reset

.exceptions     0x02800020      0x194
                0x02800020                PROVIDE (__ram_exceptions_start, ABSOLUTE (.))
                0x02800020                . = ALIGN (0x20)
 *(.irq)
 *(.exceptions.entry.label)
 .exceptions.entry.label
                0x02800020        0x0 ../final_test_bsp/\libhal_bsp.a(alt_irq_entry.o)
                0x02800020                alt_irq_entry
 .exceptions.entry.label
                0x02800020        0x0 ../final_test_bsp/\libhal_bsp.a(alt_exception_entry.o)
                0x02800020                alt_exception
 *(.exceptions.entry.user)
 *(.exceptions.entry)
 .exceptions.entry
                0x02800020       0x54 ../final_test_bsp/\libhal_bsp.a(alt_exception_entry.o)
 *(.exceptions.irqtest.user)
 *(.exceptions.irqtest)
 .exceptions.irqtest
                0x02800074       0x10 ../final_test_bsp/\libhal_bsp.a(alt_irq_entry.o)
 *(.exceptions.irqhandler.user)
 *(.exceptions.irqhandler)
 .exceptions.irqhandler
                0x02800084        0x4 ../final_test_bsp/\libhal_bsp.a(alt_irq_entry.o)
 *(.exceptions.irqreturn.user)
 *(.exceptions.irqreturn)
 .exceptions.irqreturn
                0x02800088        0x4 ../final_test_bsp/\libhal_bsp.a(alt_irq_entry.o)
 *(.exceptions.notirq.label)
 .exceptions.notirq.label
                0x0280008c        0x0 ../final_test_bsp/\libhal_bsp.a(alt_irq_entry.o)
 *(.exceptions.notirq.user)
 *(.exceptions.notirq)
 .exceptions.notirq
                0x0280008c        0x8 ../final_test_bsp/\libhal_bsp.a(alt_exception_entry.o)
 *(.exceptions.soft.user)
 *(.exceptions.soft)
 *(.exceptions.unknown.user)
 *(.exceptions.unknown)
 .exceptions.unknown
                0x02800094        0x4 ../final_test_bsp/\libhal_bsp.a(alt_exception_entry.o)
 *(.exceptions.exit.label)
 .exceptions.exit.label
                0x02800098        0x0 ../final_test_bsp/\libhal_bsp.a(alt_irq_entry.o)
 .exceptions.exit.label
                0x02800098        0x0 ../final_test_bsp/\libhal_bsp.a(alt_exception_entry.o)
 *(.exceptions.exit.user)
 *(.exceptions.exit)
 .exceptions.exit
                0x02800098       0x54 ../final_test_bsp/\libhal_bsp.a(alt_exception_entry.o)
 *(.exceptions)
 .exceptions    0x028000ec       0xc8 ../final_test_bsp/\libhal_bsp.a(alt_irq_handler.o)
                0x028000ec                alt_irq_handler
                0x028001b4                PROVIDE (__ram_exceptions_end, ABSOLUTE (.))
                0x02800020                PROVIDE (__flash_exceptions_start, LOADADDR (.exceptions))

.text           0x028001b4     0x68b8
                0x028001b4                PROVIDE (stext, ABSOLUTE (.))
 *(.interp)
 *(.hash)
 *(.dynsym)
 *(.dynstr)
 *(.gnu.version)
 *(.gnu.version_d)
 *(.gnu.version_r)
 *(.rel.init)
 *(.rela.init)
 *(.rel.text .rel.text.* .rel.gnu.linkonce.t.*)
 *(.rela.text .rela.text.* .rela.gnu.linkonce.t.*)
 *(.rel.fini)
 *(.rela.fini)
 *(.rel.rodata .rel.rodata.* .rel.gnu.linkonce.r.*)
 *(.rela.rodata .rela.rodata.* .rela.gnu.linkonce.r.*)
 *(.rel.data .rel.data.* .rel.gnu.linkonce.d.*)
 *(.rela.data .rela.data.* .rela.gnu.linkonce.d.*)
 *(.rel.tdata .rel.tdata.* .rel.gnu.linkonce.td.*)
 *(.rela.tdata .rela.tdata.* .rela.gnu.linkonce.td.*)
 *(.rel.tbss .rel.tbss.* .rel.gnu.linkonce.tb.*)
 *(.rela.tbss .rela.tbss.* .rela.gnu.linkonce.tb.*)
 *(.rel.ctors)
 *(.rela.ctors)
 *(.rel.dtors)
 *(.rela.dtors)
 *(.rel.got)
 *(.rela.got)
 *(.rel.sdata .rel.sdata.* .rel.gnu.linkonce.s.*)
 *(.rela.sdata .rela.sdata.* .rela.gnu.linkonce.s.*)
 *(.rel.sbss .rel.sbss.* .rel.gnu.linkonce.sb.*)
 *(.rela.sbss .rela.sbss.* .rela.gnu.linkonce.sb.*)
 *(.rel.sdata2 .rel.sdata2.* .rel.gnu.linkonce.s2.*)
 *(.rela.sdata2 .rela.sdata2.* .rela.gnu.linkonce.s2.*)
 *(.rel.sbss2 .rel.sbss2.* .rel.gnu.linkonce.sb2.*)
 *(.rela.sbss2 .rela.sbss2.* .rela.gnu.linkonce.sb2.*)
 *(.rel.bss .rel.bss.* .rel.gnu.linkonce.b.*)
 *(.rela.bss .rela.bss.* .rela.gnu.linkonce.b.*)
 *(.rel.plt)
 *(.rela.plt)
 *(.rel.dyn)
 *(.init)
 *(.plt)
 *(.text .stub .text.* .gnu.linkonce.t.*)
 .text          0x028001b4       0x3c ../final_test_bsp//obj/HAL/src/crt0.o
                0x028001b4                _start
 .text          0x028001f0      0x498 obj/default/hello_world.o
                0x028001f0                motor
                0x028002d4                main
 .text          0x02800688       0xb4 c:/altera/13.0sp1/nios2eds/bin/gnu/h-i686-mingw32/bin/../lib/gcc/nios2-elf/4.1.2/../../../../nios2-elf/lib/mno-hw-mul\libc.a(lib_a-puts.o)
                0x02800688                _puts_r
                0x02800728                puts
 .text          0x0280073c       0x74 c:/altera/13.0sp1/nios2eds/bin/gnu/h-i686-mingw32/bin/../lib/gcc/nios2-elf/4.1.2/../../../../nios2-elf/lib/mno-hw-mul\libc.a(lib_a-strlen.o)
                0x0280073c                strlen
 .text          0x028007b0      0x49c c:/altera/13.0sp1/nios2eds/bin/gnu/h-i686-mingw32/bin/../lib/gcc/nios2-elf/4.1.2/../../../../nios2-elf/lib/mno-hw-mul\libc.a(lib_a-fvwrite.o)
                0x028007b0                __sfvwrite_r
 .text          0x02800c4c        0x0 c:/altera/13.0sp1/nios2eds/bin/gnu/h-i686-mingw32/bin/../lib/gcc/nios2-elf/4.1.2/../../../../nios2-elf/lib/mno-hw-mul\libc.a(lib_a-impure.o)
 .text          0x02800c4c      0x740 c:/altera/13.0sp1/nios2eds/bin/gnu/h-i686-mingw32/bin/../lib/gcc/nios2-elf/4.1.2/../../../../nios2-elf/lib/mno-hw-mul\libc.a(lib_a-mallocr.o)
                0x02800c4c                _malloc_r
 .text          0x0280138c       0xe4 c:/altera/13.0sp1/nios2eds/bin/gnu/h-i686-mingw32/bin/../lib/gcc/nios2-elf/4.1.2/../../../../nios2-elf/lib/mno-hw-mul\libc.a(lib_a-memchr.o)
                0x0280138c                memchr
 .text          0x02801470       0xa0 c:/altera/13.0sp1/nios2eds/bin/gnu/h-i686-mingw32/bin/../lib/gcc/nios2-elf/4.1.2/../../../../nios2-elf/lib/mno-hw-mul\libc.a(lib_a-memcpy.o)
                0x02801470                memcpy
 .text          0x02801510       0xe0 c:/altera/13.0sp1/nios2eds/bin/gnu/h-i686-mingw32/bin/../lib/gcc/nios2-elf/4.1.2/../../../../nios2-elf/lib/mno-hw-mul\libc.a(lib_a-memmove.o)
                0x02801510                memmove
 .text          0x028015f0      0x5f4 c:/altera/13.0sp1/nios2eds/bin/gnu/h-i686-mingw32/bin/../lib/gcc/nios2-elf/4.1.2/../../../../nios2-elf/lib/mno-hw-mul\libc.a(lib_a-reallocr.o)
                0x028015f0                _realloc_r
 .text          0x02801be4       0x70 c:/altera/13.0sp1/nios2eds/bin/gnu/h-i686-mingw32/bin/../lib/gcc/nios2-elf/4.1.2/../../../../nios2-elf/lib/mno-hw-mul\libc.a(lib_a-sbrkr.o)
                0x02801be4                _sbrk_r
 .text          0x02801c54      0x13c c:/altera/13.0sp1/nios2eds/bin/gnu/h-i686-mingw32/bin/../lib/gcc/nios2-elf/4.1.2/../../../../nios2-elf/lib/mno-hw-mul\libc.a(lib_a-wsetup.o)
                0x02801c54                __swsetup_r
 .text          0x02801d90      0x230 c:/altera/13.0sp1/nios2eds/bin/gnu/h-i686-mingw32/bin/../lib/gcc/nios2-elf/4.1.2/../../../../nios2-elf/lib/mno-hw-mul\libc.a(lib_a-fflush.o)
                0x02801d90                _fflush_r
                0x02801f8c                fflush
 .text          0x02801fc0      0x2f4 c:/altera/13.0sp1/nios2eds/bin/gnu/h-i686-mingw32/bin/../lib/gcc/nios2-elf/4.1.2/../../../../nios2-elf/lib/mno-hw-mul\libc.a(lib_a-findfp.o)
                0x02802018                __sfp_lock_acquire
                0x0280201c                __sfp_lock_release
                0x02802020                __sinit_lock_acquire
                0x02802024                __sinit_lock_release
                0x02802028                __sinit
                0x028020dc                __fp_unlock_all
                0x028020f4                __fp_lock_all
                0x0280210c                _cleanup_r
                0x02802118                _cleanup
                0x02802128                __sfmoreglue
                0x028021c4                __sfp
 .text          0x028022b4      0x440 c:/altera/13.0sp1/nios2eds/bin/gnu/h-i686-mingw32/bin/../lib/gcc/nios2-elf/4.1.2/../../../../nios2-elf/lib/mno-hw-mul\libc.a(lib_a-freer.o)
                0x028022b4                _malloc_trim_r
                0x028023e0                _free_r
 .text          0x028026f4      0x180 c:/altera/13.0sp1/nios2eds/bin/gnu/h-i686-mingw32/bin/../lib/gcc/nios2-elf/4.1.2/../../../../nios2-elf/lib/mno-hw-mul\libc.a(lib_a-fwalk.o)
                0x028026f4                _fwalk_reent
                0x028027bc                _fwalk
 .text          0x02802874        0x0 c:/altera/13.0sp1/nios2eds/bin/gnu/h-i686-mingw32/bin/../lib/gcc/nios2-elf/4.1.2/../../../../nios2-elf/lib/mno-hw-mul\libc.a(lib_a-int_errno.o)
 .text          0x02802874      0x194 c:/altera/13.0sp1/nios2eds/bin/gnu/h-i686-mingw32/bin/../lib/gcc/nios2-elf/4.1.2/../../../../nios2-elf/lib/mno-hw-mul\libc.a(lib_a-makebuf.o)
                0x02802874                __smakebuf_r
 .text          0x02802a08       0x98 c:/altera/13.0sp1/nios2eds/bin/gnu/h-i686-mingw32/bin/../lib/gcc/nios2-elf/4.1.2/../../../../nios2-elf/lib/mno-hw-mul\libc.a(lib_a-memset.o)
                0x02802a08                memset
 .text          0x02802aa0      0x14c c:/altera/13.0sp1/nios2eds/bin/gnu/h-i686-mingw32/bin/../lib/gcc/nios2-elf/4.1.2/../../../../nios2-elf/lib/mno-hw-mul\libc.a(lib_a-stdio.o)
                0x02802aa0                __sclose
                0x02802aa8                __sseek
                0x02802b10                __swrite
                0x02802b8c                __sread
 .text          0x02802bec       0x78 c:/altera/13.0sp1/nios2eds/bin/gnu/h-i686-mingw32/bin/../lib/gcc/nios2-elf/4.1.2/../../../../nios2-elf/lib/mno-hw-mul\libc.a(lib_a-writer.o)
                0x02802bec                _write_r
 .text          0x02802c64       0x70 c:/altera/13.0sp1/nios2eds/bin/gnu/h-i686-mingw32/bin/../lib/gcc/nios2-elf/4.1.2/../../../../nios2-elf/lib/mno-hw-mul\libc.a(lib_a-closer.o)
                0x02802c64                _close_r
 .text          0x02802cd4      0x124 c:/altera/13.0sp1/nios2eds/bin/gnu/h-i686-mingw32/bin/../lib/gcc/nios2-elf/4.1.2/../../../../nios2-elf/lib/mno-hw-mul\libc.a(lib_a-fclose.o)
                0x02802cd4                _fclose_r
                0x02802de4                fclose
 .text          0x02802df8       0x74 c:/altera/13.0sp1/nios2eds/bin/gnu/h-i686-mingw32/bin/../lib/gcc/nios2-elf/4.1.2/../../../../nios2-elf/lib/mno-hw-mul\libc.a(lib_a-fstatr.o)
                0x02802df8                _fstat_r
 .text          0x02802e6c       0x70 c:/altera/13.0sp1/nios2eds/bin/gnu/h-i686-mingw32/bin/../lib/gcc/nios2-elf/4.1.2/../../../../nios2-elf/lib/mno-hw-mul\libc.a(lib_a-isattyr.o)
                0x02802e6c                _isatty_r
 .text          0x02802edc       0x78 c:/altera/13.0sp1/nios2eds/bin/gnu/h-i686-mingw32/bin/../lib/gcc/nios2-elf/4.1.2/../../../../nios2-elf/lib/mno-hw-mul\libc.a(lib_a-lseekr.o)
                0x02802edc                _lseek_r
 .text          0x02802f54       0x78 c:/altera/13.0sp1/nios2eds/bin/gnu/h-i686-mingw32/bin/../lib/gcc/nios2-elf/4.1.2/../../../../nios2-elf/lib/mno-hw-mul\libc.a(lib_a-readr.o)
                0x02802f54                _read_r
 .text          0x02802fcc       0x38 c:/altera/13.0sp1/nios2eds/bin/gnu/h-i686-mingw32/bin/../lib/gcc/nios2-elf/4.1.2/mno-hw-mul\libgcc.a(lib2-mul.o)
                0x02802fcc                __mulsi3
 .text          0x02803004      0x160 ../final_test_bsp/\libhal_bsp.a(alt_close.o)
                0x02803004                close
 .text          0x02803164       0x2c ../final_test_bsp/\libhal_bsp.a(alt_dev.o)
 .text          0x02803190        0x0 ../final_test_bsp/\libhal_bsp.a(alt_errno.o)
 .text          0x02803190      0x138 ../final_test_bsp/\libhal_bsp.a(alt_fstat.o)
                0x02803190                fstat
 .text          0x028032c8      0x124 ../final_test_bsp/\libhal_bsp.a(alt_isatty.o)
                0x028032c8                isatty
 .text          0x028033ec       0xec ../final_test_bsp/\libhal_bsp.a(alt_load.o)
                0x028033ec                alt_load
 .text          0x028034d8      0x154 ../final_test_bsp/\libhal_bsp.a(alt_lseek.o)
                0x028034d8                lseek
 .text          0x0280362c       0x6c ../final_test_bsp/\libhal_bsp.a(alt_main.o)
                0x0280362c                alt_main
 .text          0x02803698       0x40 ../final_test_bsp/\libhal_bsp.a(alt_malloc_lock.o)
                0x02803698                __malloc_lock
                0x028036b8                __malloc_unlock
 .text          0x028036d8      0x184 ../final_test_bsp/\libhal_bsp.a(alt_read.o)
                0x028036d8                read
 .text          0x0280385c       0x78 ../final_test_bsp/\libhal_bsp.a(alt_release_fd.o)
                0x0280385c                alt_release_fd
 .text          0x028038d4       0xbc ../final_test_bsp/\libhal_bsp.a(alt_sbrk.o)
                0x028038d4                sbrk
 .text          0x02803990       0x30 ../final_test_bsp/\libhal_bsp.a(alt_usleep.o)
                0x02803990                usleep
 .text          0x028039c0      0x184 ../final_test_bsp/\libhal_bsp.a(alt_write.o)
                0x028039c0                write
 .text          0x02803b44       0xfc ../final_test_bsp/\libhal_bsp.a(alt_sys_init.o)
                0x02803b44                alt_irq_init
                0x02803b78                alt_sys_init
 .text          0x02803c40      0xcac ../final_test_bsp/\libhal_bsp.a(altera_avalon_dma.o)
                0x02803c40                alt_avalon_dma_launch_bidir
                0x02804254                alt_avalon_dma_tx_ioctl
                0x02804298                alt_avalon_dma_rx_ioctl
                0x028042dc                alt_avalon_dma_prepare
                0x02804430                alt_avalon_dma_space
                0x028044b0                alt_avalon_dma_send
                0x028047cc                alt_avalon_dma_init
 .text          0x028048ec      0x148 ../final_test_bsp/\libhal_bsp.a(altera_avalon_jtag_uart_fd.o)
                0x028048ec                altera_avalon_jtag_uart_read_fd
                0x02804944                altera_avalon_jtag_uart_write_fd
                0x0280499c                altera_avalon_jtag_uart_close_fd
                0x028049e4                altera_avalon_jtag_uart_ioctl_fd
 .text          0x02804a34      0x40c ../final_test_bsp/\libhal_bsp.a(altera_avalon_jtag_uart_init.o)
                0x02804a34                altera_avalon_jtag_uart_init
                0x02804dcc                altera_avalon_jtag_uart_close
 .text          0x02804e40       0xf4 ../final_test_bsp/\libhal_bsp.a(altera_avalon_jtag_uart_ioctl.o)
                0x02804e40                altera_avalon_jtag_uart_ioctl
 .text          0x02804f34      0x224 ../final_test_bsp/\libhal_bsp.a(altera_avalon_jtag_uart_read.o)
                0x02804f34                altera_avalon_jtag_uart_read
 .text          0x02805158      0x240 ../final_test_bsp/\libhal_bsp.a(altera_avalon_jtag_uart_write.o)
                0x02805158                altera_avalon_jtag_uart_write
 .text          0x02805398        0x0 ../final_test_bsp/\libhal_bsp.a(altera_avalon_timer_vars.o)
 .text          0x02805398      0x154 ../final_test_bsp/\libhal_bsp.a(alt_alarm_start.o)
                0x02805398                alt_alarm_start
 .text          0x028054ec      0x15c ../final_test_bsp/\libhal_bsp.a(alt_busy_sleep.o)
                0x028054ec                alt_busy_sleep
 .text          0x02805648       0x1c ../final_test_bsp/\libhal_bsp.a(alt_dcache_flush_all.o)
                0x02805648                alt_dcache_flush_all
 .text          0x02805664      0x114 ../final_test_bsp/\libhal_bsp.a(alt_dev_llist_insert.o)
                0x02805664                alt_dev_llist_insert
 .text          0x02805778       0xb8 ../final_test_bsp/\libhal_bsp.a(alt_dma_rxchan_open.o)
                0x02805778                alt_dma_rxchan_open
 .text          0x02805830       0xb8 ../final_test_bsp/\libhal_bsp.a(alt_dma_txchan_open.o)
                0x02805830                alt_dma_txchan_open
 .text          0x028058e8       0x64 ../final_test_bsp/\libhal_bsp.a(alt_do_ctors.o)
                0x028058e8                _do_ctors
 .text          0x0280594c       0x64 ../final_test_bsp/\libhal_bsp.a(alt_do_dtors.o)
                0x0280594c                _do_dtors
 .text          0x028059b0       0x94 ../final_test_bsp/\libhal_bsp.a(alt_find_dev.o)
                0x028059b0                alt_find_dev
 .text          0x02805a44       0x1c ../final_test_bsp/\libhal_bsp.a(alt_icache_flush_all.o)
                0x02805a44                alt_icache_flush_all
 .text          0x02805a60      0x1d4 ../final_test_bsp/\libhal_bsp.a(alt_iic.o)
                0x02805a60                alt_ic_isr_register
                0x02805ab0                alt_ic_irq_enable
                0x02805b4c                alt_ic_irq_disable
                0x02805bec                alt_ic_irq_enabled
 .text          0x02805c34       0xf8 ../final_test_bsp/\libhal_bsp.a(alt_iic_isr_register.o)
                0x02805c34                alt_iic_isr_register
 .text          0x02805d2c      0x150 ../final_test_bsp/\libhal_bsp.a(alt_io_redirect.o)
                0x02805e04                alt_io_redirect
 .text          0x02805e7c        0x0 ../final_test_bsp/\libhal_bsp.a(alt_irq_entry.o)
 .text          0x02805e7c        0x0 ../final_test_bsp/\libhal_bsp.a(alt_irq_handler.o)
 .text          0x02805e7c        0x0 ../final_test_bsp/\libhal_bsp.a(alt_irq_vars.o)
 .text          0x02805e7c      0x2e4 ../final_test_bsp/\libhal_bsp.a(alt_open.o)
                0x02805f74                open
 .text          0x02806160      0x1a4 ../final_test_bsp/\libhal_bsp.a(alt_tick.o)
                0x02806160                alt_alarm_stop
                0x028061f8                alt_tick
 .text          0x02806304       0x20 ../final_test_bsp/\libhal_bsp.a(altera_nios2_qsys_irq.o)
                0x02806304                altera_nios2_qsys_irq_init
 .text          0x02806324        0x0 ../final_test_bsp/\libhal_bsp.a(alt_exception_entry.o)
 .text          0x02806324      0x120 ../final_test_bsp/\libhal_bsp.a(alt_find_file.o)
                0x02806324                alt_find_file
 .text          0x02806444       0xd0 ../final_test_bsp/\libhal_bsp.a(alt_get_fd.o)
                0x02806444                alt_get_fd
 .text          0x02806514       0x14 c:/altera/13.0sp1/nios2eds/bin/gnu/h-i686-mingw32/bin/../lib/gcc/nios2-elf/4.1.2/../../../../nios2-elf/lib/mno-hw-mul\libc.a(lib_a-atexit.o)
                0x02806514                atexit
 .text          0x02806528       0x38 c:/altera/13.0sp1/nios2eds/bin/gnu/h-i686-mingw32/bin/../lib/gcc/nios2-elf/4.1.2/../../../../nios2-elf/lib/mno-hw-mul\libc.a(lib_a-exit.o)
                0x02806528                exit
 .text          0x02806560       0x74 c:/altera/13.0sp1/nios2eds/bin/gnu/h-i686-mingw32/bin/../lib/gcc/nios2-elf/4.1.2/../../../../nios2-elf/lib/mno-hw-mul\libc.a(lib_a-memcmp.o)
                0x02806560                memcmp
 .text          0x028065d4      0x134 c:/altera/13.0sp1/nios2eds/bin/gnu/h-i686-mingw32/bin/../lib/gcc/nios2-elf/4.1.2/../../../../nios2-elf/lib/mno-hw-mul\libc.a(lib_a-__atexit.o)
                0x028065d4                __register_exitproc
 .text          0x02806708      0x1b4 c:/altera/13.0sp1/nios2eds/bin/gnu/h-i686-mingw32/bin/../lib/gcc/nios2-elf/4.1.2/../../../../nios2-elf/lib/mno-hw-mul\libc.a(lib_a-__call_atexit.o)
                0x0280670c                __call_exitprocs
 .text          0x028068bc      0x14c c:/altera/13.0sp1/nios2eds/bin/gnu/h-i686-mingw32/bin/../lib/gcc/nios2-elf/4.1.2/mno-hw-mul\libgcc.a(lib2-divmod.o)
                0x02806938                __divsi3
                0x02806998                __modsi3
                0x028069f8                __udivsi3
                0x02806a00                __umodsi3
 .text          0x02806a08       0x60 ../final_test_bsp/\libhal_bsp.a(alt_exit.o)
                0x02806a48                _exit
 *(.gnu.warning.*)
 *(.fini)
                0x02806a68                PROVIDE (__etext, ABSOLUTE (.))
                0x02806a68                PROVIDE (_etext, ABSOLUTE (.))
                0x02806a68                PROVIDE (etext, ABSOLUTE (.))
 *(.eh_frame_hdr)
                0x02806a68                . = ALIGN (0x4)
                0x02806a68                PROVIDE (__preinit_array_start, ABSOLUTE (.))
 *(.preinit_array)
                0x02806a68                PROVIDE (__preinit_array_end, ABSOLUTE (.))
                0x02806a68                PROVIDE (__init_array_start, ABSOLUTE (.))
 *(.init_array)
                0x02806a68                PROVIDE (__init_array_end, ABSOLUTE (.))
                0x02806a68                PROVIDE (__fini_array_start, ABSOLUTE (.))
 *(.fini_array)
                0x02806a68                PROVIDE (__fini_array_end, ABSOLUTE (.))
 *(.eh_frame)
 *(.gcc_except_table)
 *(.dynamic)
                0x02806a68                PROVIDE (__CTOR_LIST__, ABSOLUTE (.))
 *(.ctors)
 *(SORT(.ctors.*))
 .ctors.65535   0x02806a68        0x4 c:/altera/13.0sp1/nios2eds/bin/gnu/h-i686-mingw32/bin/../lib/gcc/nios2-elf/4.1.2/../../../../nios2-elf/lib/mno-hw-mul\libc.a(lib_a-__call_atexit.o)
                0x02806a6c                PROVIDE (__CTOR_END__, ABSOLUTE (.))
                0x02806a6c                PROVIDE (__DTOR_LIST__, ABSOLUTE (.))
 *(.dtors)
 *(SORT(.dtors.*))
                0x02806a6c                PROVIDE (__DTOR_END__, ABSOLUTE (.))
 *(.jcr)
                0x02806a6c                . = ALIGN (0x4)

.rodata         0x02806a6c       0x54
                0x02806a6c                PROVIDE (__ram_rodata_start, ABSOLUTE (.))
                0x02806a6c                . = ALIGN (0x4)
 *(.rodata .rodata.* .gnu.linkonce.r.*)
 .rodata        0x02806a6c       0x14 obj/default/hello_world.o
 .rodata.str1.4
                0x02806a80        0x2 c:/altera/13.0sp1/nios2eds/bin/gnu/h-i686-mingw32/bin/../lib/gcc/nios2-elf/4.1.2/../../../../nios2-elf/lib/mno-hw-mul\libc.a(lib_a-puts.o)
                                  0x4 (size before relaxing)
 *fill*         0x02806a82        0x2 00
 .rodata.str1.4
                0x02806a84        0x4 c:/altera/13.0sp1/nios2eds/bin/gnu/h-i686-mingw32/bin/../lib/gcc/nios2-elf/4.1.2/../../../../nios2-elf/lib/mno-hw-mul\libc.a(lib_a-impure.o)
 .rodata        0x02806a88        0xc ../final_test_bsp/\libhal_bsp.a(alt_dev.o)
 .rodata        0x02806a94       0x10 ../final_test_bsp/\libhal_bsp.a(alt_main.o)
 .rodata        0x02806aa4       0x1c ../final_test_bsp/\libhal_bsp.a(alt_sys_init.o)
 *(.rodata1)
                0x02806ac0                . = ALIGN (0x4)
                0x02806ac0                PROVIDE (__ram_rodata_end, ABSOLUTE (.))
                0x02806a6c                PROVIDE (__flash_rodata_start, LOADADDR (.rodata))

.rwdata         0x02806ac0     0x1b34 load address 0x028085f4
                0x02806ac0                PROVIDE (__ram_rwdata_start, ABSOLUTE (.))
                0x02806ac0                . = ALIGN (0x4)
 *(.got.plt)
 *(.got)
 *(.data1)
 *(.data .data.* .gnu.linkonce.d.*)
 .data          0x02806ac0        0x0 ../final_test_bsp//obj/HAL/src/crt0.o
 .data          0x02806ac0        0x0 obj/default/hello_world.o
 .data          0x02806ac0        0x0 c:/altera/13.0sp1/nios2eds/bin/gnu/h-i686-mingw32/bin/../lib/gcc/nios2-elf/4.1.2/../../../../nios2-elf/lib/mno-hw-mul\libc.a(lib_a-puts.o)
 .data          0x02806ac0        0x0 c:/altera/13.0sp1/nios2eds/bin/gnu/h-i686-mingw32/bin/../lib/gcc/nios2-elf/4.1.2/../../../../nios2-elf/lib/mno-hw-mul\libc.a(lib_a-strlen.o)
 .data          0x02806ac0        0x0 c:/altera/13.0sp1/nios2eds/bin/gnu/h-i686-mingw32/bin/../lib/gcc/nios2-elf/4.1.2/../../../../nios2-elf/lib/mno-hw-mul\libc.a(lib_a-fvwrite.o)
 .data          0x02806ac0      0x400 c:/altera/13.0sp1/nios2eds/bin/gnu/h-i686-mingw32/bin/../lib/gcc/nios2-elf/4.1.2/../../../../nios2-elf/lib/mno-hw-mul\libc.a(lib_a-impure.o)
 .data          0x02806ec0      0x408 c:/altera/13.0sp1/nios2eds/bin/gnu/h-i686-mingw32/bin/../lib/gcc/nios2-elf/4.1.2/../../../../nios2-elf/lib/mno-hw-mul\libc.a(lib_a-mallocr.o)
                0x02806ec0                __malloc_av_
 .data          0x028072c8        0x0 c:/altera/13.0sp1/nios2eds/bin/gnu/h-i686-mingw32/bin/../lib/gcc/nios2-elf/4.1.2/../../../../nios2-elf/lib/mno-hw-mul\libc.a(lib_a-memchr.o)
 .data          0x028072c8        0x0 c:/altera/13.0sp1/nios2eds/bin/gnu/h-i686-mingw32/bin/../lib/gcc/nios2-elf/4.1.2/../../../../nios2-elf/lib/mno-hw-mul\libc.a(lib_a-memcpy.o)
 .data          0x028072c8        0x0 c:/altera/13.0sp1/nios2eds/bin/gnu/h-i686-mingw32/bin/../lib/gcc/nios2-elf/4.1.2/../../../../nios2-elf/lib/mno-hw-mul\libc.a(lib_a-memmove.o)
 .data          0x028072c8        0x0 c:/altera/13.0sp1/nios2eds/bin/gnu/h-i686-mingw32/bin/../lib/gcc/nios2-elf/4.1.2/../../../../nios2-elf/lib/mno-hw-mul\libc.a(lib_a-reallocr.o)
 .data          0x028072c8        0x0 c:/altera/13.0sp1/nios2eds/bin/gnu/h-i686-mingw32/bin/../lib/gcc/nios2-elf/4.1.2/../../../../nios2-elf/lib/mno-hw-mul\libc.a(lib_a-sbrkr.o)
 .data          0x028072c8        0x0 c:/altera/13.0sp1/nios2eds/bin/gnu/h-i686-mingw32/bin/../lib/gcc/nios2-elf/4.1.2/../../../../nios2-elf/lib/mno-hw-mul\libc.a(lib_a-wsetup.o)
 .data          0x028072c8        0x0 c:/altera/13.0sp1/nios2eds/bin/gnu/h-i686-mingw32/bin/../lib/gcc/nios2-elf/4.1.2/../../../../nios2-elf/lib/mno-hw-mul\libc.a(lib_a-fflush.o)
 .data          0x028072c8        0x0 c:/altera/13.0sp1/nios2eds/bin/gnu/h-i686-mingw32/bin/../lib/gcc/nios2-elf/4.1.2/../../../../nios2-elf/lib/mno-hw-mul\libc.a(lib_a-findfp.o)
 .data          0x028072c8        0x0 c:/altera/13.0sp1/nios2eds/bin/gnu/h-i686-mingw32/bin/../lib/gcc/nios2-elf/4.1.2/../../../../nios2-elf/lib/mno-hw-mul\libc.a(lib_a-freer.o)
 .data          0x028072c8        0x0 c:/altera/13.0sp1/nios2eds/bin/gnu/h-i686-mingw32/bin/../lib/gcc/nios2-elf/4.1.2/../../../../nios2-elf/lib/mno-hw-mul\libc.a(lib_a-fwalk.o)
 .data          0x028072c8        0x0 c:/altera/13.0sp1/nios2eds/bin/gnu/h-i686-mingw32/bin/../lib/gcc/nios2-elf/4.1.2/../../../../nios2-elf/lib/mno-hw-mul\libc.a(lib_a-int_errno.o)
 .data          0x028072c8        0x0 c:/altera/13.0sp1/nios2eds/bin/gnu/h-i686-mingw32/bin/../lib/gcc/nios2-elf/4.1.2/../../../../nios2-elf/lib/mno-hw-mul\libc.a(lib_a-makebuf.o)
 .data          0x028072c8        0x0 c:/altera/13.0sp1/nios2eds/bin/gnu/h-i686-mingw32/bin/../lib/gcc/nios2-elf/4.1.2/../../../../nios2-elf/lib/mno-hw-mul\libc.a(lib_a-memset.o)
 .data          0x028072c8        0x0 c:/altera/13.0sp1/nios2eds/bin/gnu/h-i686-mingw32/bin/../lib/gcc/nios2-elf/4.1.2/../../../../nios2-elf/lib/mno-hw-mul\libc.a(lib_a-stdio.o)
 .data          0x028072c8        0x0 c:/altera/13.0sp1/nios2eds/bin/gnu/h-i686-mingw32/bin/../lib/gcc/nios2-elf/4.1.2/../../../../nios2-elf/lib/mno-hw-mul\libc.a(lib_a-writer.o)
 .data          0x028072c8        0x0 c:/altera/13.0sp1/nios2eds/bin/gnu/h-i686-mingw32/bin/../lib/gcc/nios2-elf/4.1.2/../../../../nios2-elf/lib/mno-hw-mul\libc.a(lib_a-closer.o)
 .data          0x028072c8        0x0 c:/altera/13.0sp1/nios2eds/bin/gnu/h-i686-mingw32/bin/../lib/gcc/nios2-elf/4.1.2/../../../../nios2-elf/lib/mno-hw-mul\libc.a(lib_a-fclose.o)
 .data          0x028072c8        0x0 c:/altera/13.0sp1/nios2eds/bin/gnu/h-i686-mingw32/bin/../lib/gcc/nios2-elf/4.1.2/../../../../nios2-elf/lib/mno-hw-mul\libc.a(lib_a-fstatr.o)
 .data          0x028072c8        0x0 c:/altera/13.0sp1/nios2eds/bin/gnu/h-i686-mingw32/bin/../lib/gcc/nios2-elf/4.1.2/../../../../nios2-elf/lib/mno-hw-mul\libc.a(lib_a-isattyr.o)
 .data          0x028072c8        0x0 c:/altera/13.0sp1/nios2eds/bin/gnu/h-i686-mingw32/bin/../lib/gcc/nios2-elf/4.1.2/../../../../nios2-elf/lib/mno-hw-mul\libc.a(lib_a-lseekr.o)
 .data          0x028072c8        0x0 c:/altera/13.0sp1/nios2eds/bin/gnu/h-i686-mingw32/bin/../lib/gcc/nios2-elf/4.1.2/../../../../nios2-elf/lib/mno-hw-mul\libc.a(lib_a-readr.o)
 .data          0x028072c8        0x0 c:/altera/13.0sp1/nios2eds/bin/gnu/h-i686-mingw32/bin/../lib/gcc/nios2-elf/4.1.2/mno-hw-mul\libgcc.a(lib2-mul.o)
 .data          0x028072c8        0x0 ../final_test_bsp/\libhal_bsp.a(alt_close.o)
 .data          0x028072c8      0x1a8 ../final_test_bsp/\libhal_bsp.a(alt_dev.o)
                0x028072c8                alt_dev_null
                0x028072f0                alt_fd_list
 .data          0x02807470        0x0 ../final_test_bsp/\libhal_bsp.a(alt_errno.o)
 .data          0x02807470        0x0 ../final_test_bsp/\libhal_bsp.a(alt_fstat.o)
 .data          0x02807470        0x0 ../final_test_bsp/\libhal_bsp.a(alt_isatty.o)
 .data          0x02807470        0x0 ../final_test_bsp/\libhal_bsp.a(alt_load.o)
 .data          0x02807470        0x0 ../final_test_bsp/\libhal_bsp.a(alt_lseek.o)
 .data          0x02807470        0x0 ../final_test_bsp/\libhal_bsp.a(alt_main.o)
 .data          0x02807470        0x0 ../final_test_bsp/\libhal_bsp.a(alt_malloc_lock.o)
 .data          0x02807470        0x0 ../final_test_bsp/\libhal_bsp.a(alt_read.o)
 .data          0x02807470        0x0 ../final_test_bsp/\libhal_bsp.a(alt_release_fd.o)
 .data          0x02807470        0x0 ../final_test_bsp/\libhal_bsp.a(alt_sbrk.o)
 .data          0x02807470        0x0 ../final_test_bsp/\libhal_bsp.a(alt_usleep.o)
 .data          0x02807470        0x0 ../final_test_bsp/\libhal_bsp.a(alt_write.o)
 .data          0x02807470     0x113c ../final_test_bsp/\libhal_bsp.a(alt_sys_init.o)
 .data          0x028085ac        0x0 ../final_test_bsp/\libhal_bsp.a(altera_avalon_dma.o)
 .data          0x028085ac        0x0 ../final_test_bsp/\libhal_bsp.a(altera_avalon_jtag_uart_fd.o)
 .data          0x028085ac        0x0 ../final_test_bsp/\libhal_bsp.a(altera_avalon_jtag_uart_init.o)
 .data          0x028085ac        0x0 ../final_test_bsp/\libhal_bsp.a(altera_avalon_jtag_uart_ioctl.o)
 .data          0x028085ac        0x0 ../final_test_bsp/\libhal_bsp.a(altera_avalon_jtag_uart_read.o)
 .data          0x028085ac        0x0 ../final_test_bsp/\libhal_bsp.a(altera_avalon_jtag_uart_write.o)
 .data          0x028085ac        0x0 ../final_test_bsp/\libhal_bsp.a(altera_avalon_timer_vars.o)
 .data          0x028085ac        0x0 ../final_test_bsp/\libhal_bsp.a(alt_alarm_start.o)
 .data          0x028085ac        0x0 ../final_test_bsp/\libhal_bsp.a(alt_busy_sleep.o)
 .data          0x028085ac        0x0 ../final_test_bsp/\libhal_bsp.a(alt_dcache_flush_all.o)
 .data          0x028085ac        0x0 ../final_test_bsp/\libhal_bsp.a(alt_dev_llist_insert.o)
 .data          0x028085ac        0x0 ../final_test_bsp/\libhal_bsp.a(alt_dma_rxchan_open.o)
 .data          0x028085ac        0x0 ../final_test_bsp/\libhal_bsp.a(alt_dma_txchan_open.o)
 .data          0x028085ac        0x0 ../final_test_bsp/\libhal_bsp.a(alt_do_ctors.o)
 .data          0x028085ac        0x0 ../final_test_bsp/\libhal_bsp.a(alt_do_dtors.o)
 .data          0x028085ac        0x0 ../final_test_bsp/\libhal_bsp.a(alt_find_dev.o)
 .data          0x028085ac        0x0 ../final_test_bsp/\libhal_bsp.a(alt_icache_flush_all.o)
 .data          0x028085ac        0x0 ../final_test_bsp/\libhal_bsp.a(alt_iic.o)
 .data          0x028085ac        0x0 ../final_test_bsp/\libhal_bsp.a(alt_iic_isr_register.o)
 .data          0x028085ac        0x0 ../final_test_bsp/\libhal_bsp.a(alt_io_redirect.o)
 .data          0x028085ac        0x0 ../final_test_bsp/\libhal_bsp.a(alt_irq_entry.o)
 .data          0x028085ac        0x0 ../final_test_bsp/\libhal_bsp.a(alt_irq_handler.o)
 .data          0x028085ac        0x0 ../final_test_bsp/\libhal_bsp.a(alt_irq_vars.o)
 .data          0x028085ac        0x0 ../final_test_bsp/\libhal_bsp.a(alt_open.o)
 .data          0x028085ac        0x0 ../final_test_bsp/\libhal_bsp.a(alt_tick.o)
 .data          0x028085ac        0x0 ../final_test_bsp/\libhal_bsp.a(altera_nios2_qsys_irq.o)
 .data          0x028085ac        0x0 ../final_test_bsp/\libhal_bsp.a(alt_exception_entry.o)
 .data          0x028085ac        0x0 ../final_test_bsp/\libhal_bsp.a(alt_find_file.o)
 .data          0x028085ac        0x0 ../final_test_bsp/\libhal_bsp.a(alt_get_fd.o)
 .data          0x028085ac        0x0 c:/altera/13.0sp1/nios2eds/bin/gnu/h-i686-mingw32/bin/../lib/gcc/nios2-elf/4.1.2/../../../../nios2-elf/lib/mno-hw-mul\libc.a(lib_a-atexit.o)
 .data          0x028085ac        0x0 c:/altera/13.0sp1/nios2eds/bin/gnu/h-i686-mingw32/bin/../lib/gcc/nios2-elf/4.1.2/../../../../nios2-elf/lib/mno-hw-mul\libc.a(lib_a-exit.o)
 .data          0x028085ac        0x0 c:/altera/13.0sp1/nios2eds/bin/gnu/h-i686-mingw32/bin/../lib/gcc/nios2-elf/4.1.2/../../../../nios2-elf/lib/mno-hw-mul\libc.a(lib_a-memcmp.o)
 .data          0x028085ac        0x0 c:/altera/13.0sp1/nios2eds/bin/gnu/h-i686-mingw32/bin/../lib/gcc/nios2-elf/4.1.2/../../../../nios2-elf/lib/mno-hw-mul\libc.a(lib_a-__atexit.o)
 .data          0x028085ac        0x0 c:/altera/13.0sp1/nios2eds/bin/gnu/h-i686-mingw32/bin/../lib/gcc/nios2-elf/4.1.2/../../../../nios2-elf/lib/mno-hw-mul\libc.a(lib_a-__call_atexit.o)
 .data          0x028085ac        0x0 c:/altera/13.0sp1/nios2eds/bin/gnu/h-i686-mingw32/bin/../lib/gcc/nios2-elf/4.1.2/mno-hw-mul\libgcc.a(lib2-divmod.o)
 .data          0x028085ac        0x0 ../final_test_bsp/\libhal_bsp.a(alt_exit.o)
                0x028105ac                _gp = ABSOLUTE ((. + 0x8000))
                0x028105ac                PROVIDE (gp, _gp)
 *(.rwdata .rwdata.*)
 *(.sdata .sdata.* .gnu.linkonce.s.*)
 .sdata         0x028085ac        0x8 c:/altera/13.0sp1/nios2eds/bin/gnu/h-i686-mingw32/bin/../lib/gcc/nios2-elf/4.1.2/../../../../nios2-elf/lib/mno-hw-mul\libc.a(lib_a-impure.o)
                0x028085ac                _impure_ptr
                0x028085b0                _global_impure_ptr
 .sdata         0x028085b4        0x8 c:/altera/13.0sp1/nios2eds/bin/gnu/h-i686-mingw32/bin/../lib/gcc/nios2-elf/4.1.2/../../../../nios2-elf/lib/mno-hw-mul\libc.a(lib_a-mallocr.o)
                0x028085b4                __malloc_trim_threshold
                0x028085b8                __malloc_sbrk_base
 .sdata         0x028085bc       0x14 ../final_test_bsp/\libhal_bsp.a(alt_dev.o)
                0x028085bc                alt_fs_list
                0x028085c4                alt_dev_list
                0x028085cc                alt_max_fd
 .sdata         0x028085d0        0x4 ../final_test_bsp/\libhal_bsp.a(alt_errno.o)
                0x028085d0                alt_errno
 .sdata         0x028085d4        0x4 ../final_test_bsp/\libhal_bsp.a(alt_sbrk.o)
 .sdata         0x028085d8        0x8 ../final_test_bsp/\libhal_bsp.a(alt_dma_rxchan_open.o)
                0x028085d8                alt_dma_rxchan_list
 .sdata         0x028085e0        0x8 ../final_test_bsp/\libhal_bsp.a(alt_dma_txchan_open.o)
                0x028085e0                alt_dma_txchan_list
 .sdata         0x028085e8        0x4 ../final_test_bsp/\libhal_bsp.a(alt_irq_vars.o)
                0x028085e8                alt_priority_mask
 .sdata         0x028085ec        0x8 ../final_test_bsp/\libhal_bsp.a(alt_tick.o)
                0x028085ec                alt_alarm_list
 *(.sdata2 .sdata2.* .gnu.linkonce.s2.*)
                0x028085f4                . = ALIGN (0x4)
                0x028085f4                _edata = ABSOLUTE (.)
                0x028085f4                PROVIDE (edata, ABSOLUTE (.))
                0x028085f4                PROVIDE (__ram_rwdata_end, ABSOLUTE (.))
                0x028085f4                PROVIDE (__flash_rwdata_start, LOADADDR (.rwdata))

.bss            0x0280a128      0x2e8
                0x0280a128                __bss_start = ABSOLUTE (.)
                0x0280a128                PROVIDE (__sbss_start, ABSOLUTE (.))
                0x0280a128                PROVIDE (___sbss_start, ABSOLUTE (.))
 *(.dynsbss)
 *(.sbss .sbss.* .gnu.linkonce.sb.*)
 .sbss          0x0280a128        0xc c:/altera/13.0sp1/nios2eds/bin/gnu/h-i686-mingw32/bin/../lib/gcc/nios2-elf/4.1.2/../../../../nios2-elf/lib/mno-hw-mul\libc.a(lib_a-mallocr.o)
                0x0280a128                __malloc_top_pad
                0x0280a12c                __malloc_max_sbrked_mem
                0x0280a130                __malloc_max_total_mem
 .sbss          0x0280a134        0x4 c:/altera/13.0sp1/nios2eds/bin/gnu/h-i686-mingw32/bin/../lib/gcc/nios2-elf/4.1.2/../../../../nios2-elf/lib/mno-hw-mul\libc.a(lib_a-int_errno.o)
                0x0280a134                errno
 .sbss          0x0280a138        0xc ../final_test_bsp/\libhal_bsp.a(alt_main.o)
                0x0280a138                alt_argc
                0x0280a13c                alt_argv
                0x0280a140                alt_envp
 .sbss          0x0280a144        0x8 ../final_test_bsp/\libhal_bsp.a(altera_avalon_timer_vars.o)
                0x0280a144                altera_avalon_timer_ts_base
                0x0280a148                altera_avalon_timer_ts_freq
 .sbss          0x0280a14c        0x4 ../final_test_bsp/\libhal_bsp.a(alt_irq_vars.o)
                0x0280a14c                alt_irq_active
 .sbss          0x0280a150        0x8 ../final_test_bsp/\libhal_bsp.a(alt_tick.o)
                0x0280a150                _alt_tick_rate
                0x0280a154                _alt_nticks
 *(.sbss2 .sbss2.* .gnu.linkonce.sb2.*)
 *(.scommon)
                0x0280a158                PROVIDE (__sbss_end, ABSOLUTE (.))
                0x0280a158                PROVIDE (___sbss_end, ABSOLUTE (.))
 *(.dynbss)
 *(.bss .bss.* .gnu.linkonce.b.*)
 .bss           0x0280a158        0x0 ../final_test_bsp//obj/HAL/src/crt0.o
 .bss           0x0280a158        0x0 obj/default/hello_world.o
 .bss           0x0280a158        0x0 c:/altera/13.0sp1/nios2eds/bin/gnu/h-i686-mingw32/bin/../lib/gcc/nios2-elf/4.1.2/../../../../nios2-elf/lib/mno-hw-mul\libc.a(lib_a-puts.o)
 .bss           0x0280a158        0x0 c:/altera/13.0sp1/nios2eds/bin/gnu/h-i686-mingw32/bin/../lib/gcc/nios2-elf/4.1.2/../../../../nios2-elf/lib/mno-hw-mul\libc.a(lib_a-strlen.o)
 .bss           0x0280a158        0x0 c:/altera/13.0sp1/nios2eds/bin/gnu/h-i686-mingw32/bin/../lib/gcc/nios2-elf/4.1.2/../../../../nios2-elf/lib/mno-hw-mul\libc.a(lib_a-fvwrite.o)
 .bss           0x0280a158        0x0 c:/altera/13.0sp1/nios2eds/bin/gnu/h-i686-mingw32/bin/../lib/gcc/nios2-elf/4.1.2/../../../../nios2-elf/lib/mno-hw-mul\libc.a(lib_a-impure.o)
 .bss           0x0280a158       0x28 c:/altera/13.0sp1/nios2eds/bin/gnu/h-i686-mingw32/bin/../lib/gcc/nios2-elf/4.1.2/../../../../nios2-elf/lib/mno-hw-mul\libc.a(lib_a-mallocr.o)
                0x0280a158                __malloc_current_mallinfo
 .bss           0x0280a180        0x0 c:/altera/13.0sp1/nios2eds/bin/gnu/h-i686-mingw32/bin/../lib/gcc/nios2-elf/4.1.2/../../../../nios2-elf/lib/mno-hw-mul\libc.a(lib_a-memchr.o)
 .bss           0x0280a180        0x0 c:/altera/13.0sp1/nios2eds/bin/gnu/h-i686-mingw32/bin/../lib/gcc/nios2-elf/4.1.2/../../../../nios2-elf/lib/mno-hw-mul\libc.a(lib_a-memcpy.o)
 .bss           0x0280a180        0x0 c:/altera/13.0sp1/nios2eds/bin/gnu/h-i686-mingw32/bin/../lib/gcc/nios2-elf/4.1.2/../../../../nios2-elf/lib/mno-hw-mul\libc.a(lib_a-memmove.o)
 .bss           0x0280a180        0x0 c:/altera/13.0sp1/nios2eds/bin/gnu/h-i686-mingw32/bin/../lib/gcc/nios2-elf/4.1.2/../../../../nios2-elf/lib/mno-hw-mul\libc.a(lib_a-reallocr.o)
 .bss           0x0280a180        0x0 c:/altera/13.0sp1/nios2eds/bin/gnu/h-i686-mingw32/bin/../lib/gcc/nios2-elf/4.1.2/../../../../nios2-elf/lib/mno-hw-mul\libc.a(lib_a-sbrkr.o)
 .bss           0x0280a180        0x0 c:/altera/13.0sp1/nios2eds/bin/gnu/h-i686-mingw32/bin/../lib/gcc/nios2-elf/4.1.2/../../../../nios2-elf/lib/mno-hw-mul\libc.a(lib_a-wsetup.o)
 .bss           0x0280a180        0x0 c:/altera/13.0sp1/nios2eds/bin/gnu/h-i686-mingw32/bin/../lib/gcc/nios2-elf/4.1.2/../../../../nios2-elf/lib/mno-hw-mul\libc.a(lib_a-fflush.o)
 .bss           0x0280a180        0x0 c:/altera/13.0sp1/nios2eds/bin/gnu/h-i686-mingw32/bin/../lib/gcc/nios2-elf/4.1.2/../../../../nios2-elf/lib/mno-hw-mul\libc.a(lib_a-findfp.o)
 .bss           0x0280a180        0x0 c:/altera/13.0sp1/nios2eds/bin/gnu/h-i686-mingw32/bin/../lib/gcc/nios2-elf/4.1.2/../../../../nios2-elf/lib/mno-hw-mul\libc.a(lib_a-freer.o)
 .bss           0x0280a180        0x0 c:/altera/13.0sp1/nios2eds/bin/gnu/h-i686-mingw32/bin/../lib/gcc/nios2-elf/4.1.2/../../../../nios2-elf/lib/mno-hw-mul\libc.a(lib_a-fwalk.o)
 .bss           0x0280a180        0x0 c:/altera/13.0sp1/nios2eds/bin/gnu/h-i686-mingw32/bin/../lib/gcc/nios2-elf/4.1.2/../../../../nios2-elf/lib/mno-hw-mul\libc.a(lib_a-int_errno.o)
 .bss           0x0280a180        0x0 c:/altera/13.0sp1/nios2eds/bin/gnu/h-i686-mingw32/bin/../lib/gcc/nios2-elf/4.1.2/../../../../nios2-elf/lib/mno-hw-mul\libc.a(lib_a-makebuf.o)
 .bss           0x0280a180        0x0 c:/altera/13.0sp1/nios2eds/bin/gnu/h-i686-mingw32/bin/../lib/gcc/nios2-elf/4.1.2/../../../../nios2-elf/lib/mno-hw-mul\libc.a(lib_a-memset.o)
 .bss           0x0280a180        0x0 c:/altera/13.0sp1/nios2eds/bin/gnu/h-i686-mingw32/bin/../lib/gcc/nios2-elf/4.1.2/../../../../nios2-elf/lib/mno-hw-mul\libc.a(lib_a-stdio.o)
 .bss           0x0280a180        0x0 c:/altera/13.0sp1/nios2eds/bin/gnu/h-i686-mingw32/bin/../lib/gcc/nios2-elf/4.1.2/../../../../nios2-elf/lib/mno-hw-mul\libc.a(lib_a-writer.o)
 .bss           0x0280a180        0x0 c:/altera/13.0sp1/nios2eds/bin/gnu/h-i686-mingw32/bin/../lib/gcc/nios2-elf/4.1.2/../../../../nios2-elf/lib/mno-hw-mul\libc.a(lib_a-closer.o)
 .bss           0x0280a180        0x0 c:/altera/13.0sp1/nios2eds/bin/gnu/h-i686-mingw32/bin/../lib/gcc/nios2-elf/4.1.2/../../../../nios2-elf/lib/mno-hw-mul\libc.a(lib_a-fclose.o)
 .bss           0x0280a180        0x0 c:/altera/13.0sp1/nios2eds/bin/gnu/h-i686-mingw32/bin/../lib/gcc/nios2-elf/4.1.2/../../../../nios2-elf/lib/mno-hw-mul\libc.a(lib_a-fstatr.o)
 .bss           0x0280a180        0x0 c:/altera/13.0sp1/nios2eds/bin/gnu/h-i686-mingw32/bin/../lib/gcc/nios2-elf/4.1.2/../../../../nios2-elf/lib/mno-hw-mul\libc.a(lib_a-isattyr.o)
 .bss           0x0280a180        0x0 c:/altera/13.0sp1/nios2eds/bin/gnu/h-i686-mingw32/bin/../lib/gcc/nios2-elf/4.1.2/../../../../nios2-elf/lib/mno-hw-mul\libc.a(lib_a-lseekr.o)
 .bss           0x0280a180        0x0 c:/altera/13.0sp1/nios2eds/bin/gnu/h-i686-mingw32/bin/../lib/gcc/nios2-elf/4.1.2/../../../../nios2-elf/lib/mno-hw-mul\libc.a(lib_a-readr.o)
 .bss           0x0280a180        0x0 c:/altera/13.0sp1/nios2eds/bin/gnu/h-i686-mingw32/bin/../lib/gcc/nios2-elf/4.1.2/mno-hw-mul\libgcc.a(lib2-mul.o)
 .bss           0x0280a180        0x0 ../final_test_bsp/\libhal_bsp.a(alt_close.o)
 .bss           0x0280a180        0x0 ../final_test_bsp/\libhal_bsp.a(alt_dev.o)
 .bss           0x0280a180        0x0 ../final_test_bsp/\libhal_bsp.a(alt_errno.o)
 .bss           0x0280a180        0x0 ../final_test_bsp/\libhal_bsp.a(alt_fstat.o)
 .bss           0x0280a180        0x0 ../final_test_bsp/\libhal_bsp.a(alt_isatty.o)
 .bss           0x0280a180        0x0 ../final_test_bsp/\libhal_bsp.a(alt_load.o)
 .bss           0x0280a180        0x0 ../final_test_bsp/\libhal_bsp.a(alt_lseek.o)
 .bss           0x0280a180        0x0 ../final_test_bsp/\libhal_bsp.a(alt_main.o)
 .bss           0x0280a180        0x0 ../final_test_bsp/\libhal_bsp.a(alt_malloc_lock.o)
 .bss           0x0280a180        0x0 ../final_test_bsp/\libhal_bsp.a(alt_read.o)
 .bss           0x0280a180        0x0 ../final_test_bsp/\libhal_bsp.a(alt_release_fd.o)
 .bss           0x0280a180        0x0 ../final_test_bsp/\libhal_bsp.a(alt_sbrk.o)
 .bss           0x0280a180        0x0 ../final_test_bsp/\libhal_bsp.a(alt_usleep.o)
 .bss           0x0280a180        0x0 ../final_test_bsp/\libhal_bsp.a(alt_write.o)
 .bss           0x0280a180        0x0 ../final_test_bsp/\libhal_bsp.a(alt_sys_init.o)
 .bss           0x0280a180        0x0 ../final_test_bsp/\libhal_bsp.a(altera_avalon_dma.o)
 .bss           0x0280a180        0x0 ../final_test_bsp/\libhal_bsp.a(altera_avalon_jtag_uart_fd.o)
 .bss           0x0280a180        0x0 ../final_test_bsp/\libhal_bsp.a(altera_avalon_jtag_uart_init.o)
 .bss           0x0280a180        0x0 ../final_test_bsp/\libhal_bsp.a(altera_avalon_jtag_uart_ioctl.o)
 .bss           0x0280a180        0x0 ../final_test_bsp/\libhal_bsp.a(altera_avalon_jtag_uart_read.o)
 .bss           0x0280a180        0x0 ../final_test_bsp/\libhal_bsp.a(altera_avalon_jtag_uart_write.o)
 .bss           0x0280a180        0x0 ../final_test_bsp/\libhal_bsp.a(altera_avalon_timer_vars.o)
 .bss           0x0280a180        0x0 ../final_test_bsp/\libhal_bsp.a(alt_alarm_start.o)
 .bss           0x0280a180        0x0 ../final_test_bsp/\libhal_bsp.a(alt_busy_sleep.o)
 .bss           0x0280a180        0x0 ../final_test_bsp/\libhal_bsp.a(alt_dcache_flush_all.o)
 .bss           0x0280a180        0x0 ../final_test_bsp/\libhal_bsp.a(alt_dev_llist_insert.o)
 .bss           0x0280a180        0x0 ../final_test_bsp/\libhal_bsp.a(alt_dma_rxchan_open.o)
 .bss           0x0280a180        0x0 ../final_test_bsp/\libhal_bsp.a(alt_dma_txchan_open.o)
 .bss           0x0280a180        0x0 ../final_test_bsp/\libhal_bsp.a(alt_do_ctors.o)
 .bss           0x0280a180        0x0 ../final_test_bsp/\libhal_bsp.a(alt_do_dtors.o)
 .bss           0x0280a180        0x0 ../final_test_bsp/\libhal_bsp.a(alt_find_dev.o)
 .bss           0x0280a180        0x0 ../final_test_bsp/\libhal_bsp.a(alt_icache_flush_all.o)
 .bss           0x0280a180        0x0 ../final_test_bsp/\libhal_bsp.a(alt_iic.o)
 .bss           0x0280a180        0x0 ../final_test_bsp/\libhal_bsp.a(alt_iic_isr_register.o)
 .bss           0x0280a180        0x0 ../final_test_bsp/\libhal_bsp.a(alt_io_redirect.o)
 .bss           0x0280a180        0x0 ../final_test_bsp/\libhal_bsp.a(alt_irq_entry.o)
 .bss           0x0280a180        0x0 ../final_test_bsp/\libhal_bsp.a(alt_irq_handler.o)
 .bss           0x0280a180        0x0 ../final_test_bsp/\libhal_bsp.a(alt_irq_vars.o)
 .bss           0x0280a180        0x0 ../final_test_bsp/\libhal_bsp.a(alt_open.o)
 .bss           0x0280a180        0x0 ../final_test_bsp/\libhal_bsp.a(alt_tick.o)
 .bss           0x0280a180        0x0 ../final_test_bsp/\libhal_bsp.a(altera_nios2_qsys_irq.o)
 .bss           0x0280a180        0x0 ../final_test_bsp/\libhal_bsp.a(alt_exception_entry.o)
 .bss           0x0280a180        0x0 ../final_test_bsp/\libhal_bsp.a(alt_find_file.o)
 .bss           0x0280a180        0x0 ../final_test_bsp/\libhal_bsp.a(alt_get_fd.o)
 .bss           0x0280a180        0x0 c:/altera/13.0sp1/nios2eds/bin/gnu/h-i686-mingw32/bin/../lib/gcc/nios2-elf/4.1.2/../../../../nios2-elf/lib/mno-hw-mul\libc.a(lib_a-atexit.o)
 .bss           0x0280a180        0x0 c:/altera/13.0sp1/nios2eds/bin/gnu/h-i686-mingw32/bin/../lib/gcc/nios2-elf/4.1.2/../../../../nios2-elf/lib/mno-hw-mul\libc.a(lib_a-exit.o)
 .bss           0x0280a180        0x0 c:/altera/13.0sp1/nios2eds/bin/gnu/h-i686-mingw32/bin/../lib/gcc/nios2-elf/4.1.2/../../../../nios2-elf/lib/mno-hw-mul\libc.a(lib_a-memcmp.o)
 .bss           0x0280a180        0x0 c:/altera/13.0sp1/nios2eds/bin/gnu/h-i686-mingw32/bin/../lib/gcc/nios2-elf/4.1.2/../../../../nios2-elf/lib/mno-hw-mul\libc.a(lib_a-__atexit.o)
 .bss           0x0280a180        0x0 c:/altera/13.0sp1/nios2eds/bin/gnu/h-i686-mingw32/bin/../lib/gcc/nios2-elf/4.1.2/../../../../nios2-elf/lib/mno-hw-mul\libc.a(lib_a-__call_atexit.o)
 .bss           0x0280a180        0x0 c:/altera/13.0sp1/nios2eds/bin/gnu/h-i686-mingw32/bin/../lib/gcc/nios2-elf/4.1.2/mno-hw-mul\libgcc.a(lib2-divmod.o)
 .bss           0x0280a180        0x0 ../final_test_bsp/\libhal_bsp.a(alt_exit.o)
 *(COMMON)
 COMMON         0x0280a180      0x100 ../final_test_bsp/\libhal_bsp.a(alt_irq_handler.o)
                0x0280a180                alt_irq
 COMMON         0x0280a280      0x190 c:/altera/13.0sp1/nios2eds/bin/gnu/h-i686-mingw32/bin/../lib/gcc/nios2-elf/4.1.2/../../../../nios2-elf/lib/mno-hw-mul\libc.a(lib_a-atexit.o)
                0x0280a280                _atexit0
                0x0280a410                . = ALIGN (0x4)
                0x0280a410                __bss_end = ABSOLUTE (.)

.sdram_ctrl     0x0280a410        0x0
                0x0280a410                PROVIDE (_alt_partition_sdram_ctrl_start, ABSOLUTE (.))
 *(.sdram_ctrl. sdram_ctrl.*)
                0x0280a410                . = ALIGN (0x4)
                0x0280a410                PROVIDE (_alt_partition_sdram_ctrl_end, ABSOLUTE (.))
                0x0280a410                _end = ABSOLUTE (.)
                0x0280a410                end = ABSOLUTE (.)
                0x0280a410                __alt_stack_base = ABSOLUTE (.)
                0x0280a410                PROVIDE (_alt_partition_sdram_ctrl_load_addr, LOADADDR (.sdram_ctrl))

.stab
 *(.stab)

.stabstr
 *(.stabstr)

.stab.excl
 *(.stab.excl)

.stab.exclstr
 *(.stab.exclstr)

.stab.index
 *(.stab.index)

.stab.indexstr
 *(.stab.indexstr)

.comment        0x00000000       0x26
 *(.comment)
 .comment       0x00000000       0x26 obj/default/hello_world.o
                                 0x27 (size before relaxing)
 .comment       0x00000000       0x27 c:/altera/13.0sp1/nios2eds/bin/gnu/h-i686-mingw32/bin/../lib/gcc/nios2-elf/4.1.2/../../../../nios2-elf/lib/mno-hw-mul\libc.a(lib_a-puts.o)
 .comment       0x00000000       0x27 c:/altera/13.0sp1/nios2eds/bin/gnu/h-i686-mingw32/bin/../lib/gcc/nios2-elf/4.1.2/../../../../nios2-elf/lib/mno-hw-mul\libc.a(lib_a-strlen.o)
 .comment       0x00000000       0x27 c:/altera/13.0sp1/nios2eds/bin/gnu/h-i686-mingw32/bin/../lib/gcc/nios2-elf/4.1.2/../../../../nios2-elf/lib/mno-hw-mul\libc.a(lib_a-fvwrite.o)
 .comment       0x00000000       0x27 c:/altera/13.0sp1/nios2eds/bin/gnu/h-i686-mingw32/bin/../lib/gcc/nios2-elf/4.1.2/../../../../nios2-elf/lib/mno-hw-mul\libc.a(lib_a-impure.o)
 .comment       0x00000000       0x27 c:/altera/13.0sp1/nios2eds/bin/gnu/h-i686-mingw32/bin/../lib/gcc/nios2-elf/4.1.2/../../../../nios2-elf/lib/mno-hw-mul\libc.a(lib_a-mallocr.o)
 .comment       0x00000000       0x27 c:/altera/13.0sp1/nios2eds/bin/gnu/h-i686-mingw32/bin/../lib/gcc/nios2-elf/4.1.2/../../../../nios2-elf/lib/mno-hw-mul\libc.a(lib_a-memchr.o)
 .comment       0x00000000       0x27 c:/altera/13.0sp1/nios2eds/bin/gnu/h-i686-mingw32/bin/../lib/gcc/nios2-elf/4.1.2/../../../../nios2-elf/lib/mno-hw-mul\libc.a(lib_a-memcpy.o)
 .comment       0x00000000       0x27 c:/altera/13.0sp1/nios2eds/bin/gnu/h-i686-mingw32/bin/../lib/gcc/nios2-elf/4.1.2/../../../../nios2-elf/lib/mno-hw-mul\libc.a(lib_a-memmove.o)
 .comment       0x00000000       0x27 c:/altera/13.0sp1/nios2eds/bin/gnu/h-i686-mingw32/bin/../lib/gcc/nios2-elf/4.1.2/../../../../nios2-elf/lib/mno-hw-mul\libc.a(lib_a-reallocr.o)
 .comment       0x00000000       0x27 c:/altera/13.0sp1/nios2eds/bin/gnu/h-i686-mingw32/bin/../lib/gcc/nios2-elf/4.1.2/../../../../nios2-elf/lib/mno-hw-mul\libc.a(lib_a-sbrkr.o)
 .comment       0x00000000       0x27 c:/altera/13.0sp1/nios2eds/bin/gnu/h-i686-mingw32/bin/../lib/gcc/nios2-elf/4.1.2/../../../../nios2-elf/lib/mno-hw-mul\libc.a(lib_a-wsetup.o)
 .comment       0x00000000       0x27 c:/altera/13.0sp1/nios2eds/bin/gnu/h-i686-mingw32/bin/../lib/gcc/nios2-elf/4.1.2/../../../../nios2-elf/lib/mno-hw-mul\libc.a(lib_a-fflush.o)
 .comment       0x00000000       0x27 c:/altera/13.0sp1/nios2eds/bin/gnu/h-i686-mingw32/bin/../lib/gcc/nios2-elf/4.1.2/../../../../nios2-elf/lib/mno-hw-mul\libc.a(lib_a-findfp.o)
 .comment       0x00000000       0x27 c:/altera/13.0sp1/nios2eds/bin/gnu/h-i686-mingw32/bin/../lib/gcc/nios2-elf/4.1.2/../../../../nios2-elf/lib/mno-hw-mul\libc.a(lib_a-freer.o)
 .comment       0x00000000       0x27 c:/altera/13.0sp1/nios2eds/bin/gnu/h-i686-mingw32/bin/../lib/gcc/nios2-elf/4.1.2/../../../../nios2-elf/lib/mno-hw-mul\libc.a(lib_a-fwalk.o)
 .comment       0x00000000       0x27 c:/altera/13.0sp1/nios2eds/bin/gnu/h-i686-mingw32/bin/../lib/gcc/nios2-elf/4.1.2/../../../../nios2-elf/lib/mno-hw-mul\libc.a(lib_a-int_errno.o)
 .comment       0x00000000       0x27 c:/altera/13.0sp1/nios2eds/bin/gnu/h-i686-mingw32/bin/../lib/gcc/nios2-elf/4.1.2/../../../../nios2-elf/lib/mno-hw-mul\libc.a(lib_a-makebuf.o)
 .comment       0x00000000       0x27 c:/altera/13.0sp1/nios2eds/bin/gnu/h-i686-mingw32/bin/../lib/gcc/nios2-elf/4.1.2/../../../../nios2-elf/lib/mno-hw-mul\libc.a(lib_a-memset.o)
 .comment       0x00000000       0x27 c:/altera/13.0sp1/nios2eds/bin/gnu/h-i686-mingw32/bin/../lib/gcc/nios2-elf/4.1.2/../../../../nios2-elf/lib/mno-hw-mul\libc.a(lib_a-stdio.o)
 .comment       0x00000000       0x27 c:/altera/13.0sp1/nios2eds/bin/gnu/h-i686-mingw32/bin/../lib/gcc/nios2-elf/4.1.2/../../../../nios2-elf/lib/mno-hw-mul\libc.a(lib_a-writer.o)
 .comment       0x00000000       0x27 c:/altera/13.0sp1/nios2eds/bin/gnu/h-i686-mingw32/bin/../lib/gcc/nios2-elf/4.1.2/../../../../nios2-elf/lib/mno-hw-mul\libc.a(lib_a-closer.o)
 .comment       0x00000000       0x27 c:/altera/13.0sp1/nios2eds/bin/gnu/h-i686-mingw32/bin/../lib/gcc/nios2-elf/4.1.2/../../../../nios2-elf/lib/mno-hw-mul\libc.a(lib_a-fclose.o)
 .comment       0x00000000       0x27 c:/altera/13.0sp1/nios2eds/bin/gnu/h-i686-mingw32/bin/../lib/gcc/nios2-elf/4.1.2/../../../../nios2-elf/lib/mno-hw-mul\libc.a(lib_a-fstatr.o)
 .comment       0x00000000       0x27 c:/altera/13.0sp1/nios2eds/bin/gnu/h-i686-mingw32/bin/../lib/gcc/nios2-elf/4.1.2/../../../../nios2-elf/lib/mno-hw-mul\libc.a(lib_a-isattyr.o)
 .comment       0x00000000       0x27 c:/altera/13.0sp1/nios2eds/bin/gnu/h-i686-mingw32/bin/../lib/gcc/nios2-elf/4.1.2/../../../../nios2-elf/lib/mno-hw-mul\libc.a(lib_a-lseekr.o)
 .comment       0x00000000       0x27 c:/altera/13.0sp1/nios2eds/bin/gnu/h-i686-mingw32/bin/../lib/gcc/nios2-elf/4.1.2/../../../../nios2-elf/lib/mno-hw-mul\libc.a(lib_a-readr.o)
 .comment       0x00000000       0x27 c:/altera/13.0sp1/nios2eds/bin/gnu/h-i686-mingw32/bin/../lib/gcc/nios2-elf/4.1.2/mno-hw-mul\libgcc.a(lib2-mul.o)
 .comment       0x00000000       0x27 ../final_test_bsp/\libhal_bsp.a(alt_close.o)
 .comment       0x00000000       0x27 ../final_test_bsp/\libhal_bsp.a(alt_dev.o)
 .comment       0x00000000       0x27 ../final_test_bsp/\libhal_bsp.a(alt_errno.o)
 .comment       0x00000000       0x27 ../final_test_bsp/\libhal_bsp.a(alt_fstat.o)
 .comment       0x00000000       0x27 ../final_test_bsp/\libhal_bsp.a(alt_isatty.o)
 .comment       0x00000000       0x27 ../final_test_bsp/\libhal_bsp.a(alt_load.o)
 .comment       0x00000000       0x27 ../final_test_bsp/\libhal_bsp.a(alt_lseek.o)
 .comment       0x00000000       0x27 ../final_test_bsp/\libhal_bsp.a(alt_main.o)
 .comment       0x00000000       0x27 ../final_test_bsp/\libhal_bsp.a(alt_malloc_lock.o)
 .comment       0x00000000       0x27 ../final_test_bsp/\libhal_bsp.a(alt_read.o)
 .comment       0x00000000       0x27 ../final_test_bsp/\libhal_bsp.a(alt_release_fd.o)
 .comment       0x00000000       0x27 ../final_test_bsp/\libhal_bsp.a(alt_sbrk.o)
 .comment       0x00000000       0x27 ../final_test_bsp/\libhal_bsp.a(alt_usleep.o)
 .comment       0x00000000       0x27 ../final_test_bsp/\libhal_bsp.a(alt_write.o)
 .comment       0x00000000       0x27 ../final_test_bsp/\libhal_bsp.a(alt_sys_init.o)
 .comment       0x00000000       0x27 ../final_test_bsp/\libhal_bsp.a(altera_avalon_dma.o)
 .comment       0x00000000       0x27 ../final_test_bsp/\libhal_bsp.a(altera_avalon_jtag_uart_fd.o)
 .comment       0x00000000       0x27 ../final_test_bsp/\libhal_bsp.a(altera_avalon_jtag_uart_init.o)
 .comment       0x00000000       0x27 ../final_test_bsp/\libhal_bsp.a(altera_avalon_jtag_uart_ioctl.o)
 .comment       0x00000000       0x27 ../final_test_bsp/\libhal_bsp.a(altera_avalon_jtag_uart_read.o)
 .comment       0x00000000       0x27 ../final_test_bsp/\libhal_bsp.a(altera_avalon_jtag_uart_write.o)
 .comment       0x00000000       0x27 ../final_test_bsp/\libhal_bsp.a(altera_avalon_timer_vars.o)
 .comment       0x00000000       0x27 ../final_test_bsp/\libhal_bsp.a(alt_alarm_start.o)
 .comment       0x00000000       0x27 ../final_test_bsp/\libhal_bsp.a(alt_busy_sleep.o)
 .comment       0x00000000       0x27 ../final_test_bsp/\libhal_bsp.a(alt_dcache_flush_all.o)
 .comment       0x00000000       0x27 ../final_test_bsp/\libhal_bsp.a(alt_dev_llist_insert.o)
 .comment       0x00000000       0x27 ../final_test_bsp/\libhal_bsp.a(alt_dma_rxchan_open.o)
 .comment       0x00000000       0x27 ../final_test_bsp/\libhal_bsp.a(alt_dma_txchan_open.o)
 .comment       0x00000000       0x27 ../final_test_bsp/\libhal_bsp.a(alt_do_ctors.o)
 .comment       0x00000000       0x27 ../final_test_bsp/\libhal_bsp.a(alt_do_dtors.o)
 .comment       0x00000000       0x27 ../final_test_bsp/\libhal_bsp.a(alt_find_dev.o)
 .comment       0x00000000       0x27 ../final_test_bsp/\libhal_bsp.a(alt_icache_flush_all.o)
 .comment       0x00000000       0x27 ../final_test_bsp/\libhal_bsp.a(alt_iic.o)
 .comment       0x00000000       0x27 ../final_test_bsp/\libhal_bsp.a(alt_iic_isr_register.o)
 .comment       0x00000000       0x27 ../final_test_bsp/\libhal_bsp.a(alt_io_redirect.o)
 .comment       0x00000000       0x27 ../final_test_bsp/\libhal_bsp.a(alt_irq_handler.o)
 .comment       0x00000000       0x27 ../final_test_bsp/\libhal_bsp.a(alt_irq_vars.o)
 .comment       0x00000000       0x27 ../final_test_bsp/\libhal_bsp.a(alt_open.o)
 .comment       0x00000000       0x27 ../final_test_bsp/\libhal_bsp.a(alt_tick.o)
 .comment       0x00000000       0x27 ../final_test_bsp/\libhal_bsp.a(altera_nios2_qsys_irq.o)
 .comment       0x00000000       0x27 ../final_test_bsp/\libhal_bsp.a(alt_find_file.o)
 .comment       0x00000000       0x27 ../final_test_bsp/\libhal_bsp.a(alt_get_fd.o)
 .comment       0x00000000       0x27 c:/altera/13.0sp1/nios2eds/bin/gnu/h-i686-mingw32/bin/../lib/gcc/nios2-elf/4.1.2/../../../../nios2-elf/lib/mno-hw-mul\libc.a(lib_a-atexit.o)
 .comment       0x00000000       0x27 c:/altera/13.0sp1/nios2eds/bin/gnu/h-i686-mingw32/bin/../lib/gcc/nios2-elf/4.1.2/../../../../nios2-elf/lib/mno-hw-mul\libc.a(lib_a-exit.o)
 .comment       0x00000000       0x27 c:/altera/13.0sp1/nios2eds/bin/gnu/h-i686-mingw32/bin/../lib/gcc/nios2-elf/4.1.2/../../../../nios2-elf/lib/mno-hw-mul\libc.a(lib_a-memcmp.o)
 .comment       0x00000000       0x27 c:/altera/13.0sp1/nios2eds/bin/gnu/h-i686-mingw32/bin/../lib/gcc/nios2-elf/4.1.2/../../../../nios2-elf/lib/mno-hw-mul\libc.a(lib_a-__atexit.o)
 .comment       0x00000000       0x27 c:/altera/13.0sp1/nios2eds/bin/gnu/h-i686-mingw32/bin/../lib/gcc/nios2-elf/4.1.2/../../../../nios2-elf/lib/mno-hw-mul\libc.a(lib_a-__call_atexit.o)
 .comment       0x00000000       0x27 c:/altera/13.0sp1/nios2eds/bin/gnu/h-i686-mingw32/bin/../lib/gcc/nios2-elf/4.1.2/mno-hw-mul\libgcc.a(lib2-divmod.o)
 .comment       0x00000000       0x27 ../final_test_bsp/\libhal_bsp.a(alt_exit.o)

.debug
 *(.debug)

.line
 *(.line)

.debug_srcinfo
 *(.debug_srcinfo)

.debug_sfnames
 *(.debug_sfnames)

.debug_aranges  0x00000000      0x998
 *(.debug_aranges)
 .debug_aranges
                0x00000000       0x28 ../final_test_bsp//obj/HAL/src/crt0.o
 .debug_aranges
                0x00000028       0x20 obj/default/hello_world.o
 .debug_aranges
                0x00000048       0x20 c:/altera/13.0sp1/nios2eds/bin/gnu/h-i686-mingw32/bin/../lib/gcc/nios2-elf/4.1.2/../../../../nios2-elf/lib/mno-hw-mul\libc.a(lib_a-puts.o)
 .debug_aranges
                0x00000068       0x20 c:/altera/13.0sp1/nios2eds/bin/gnu/h-i686-mingw32/bin/../lib/gcc/nios2-elf/4.1.2/../../../../nios2-elf/lib/mno-hw-mul\libc.a(lib_a-strlen.o)
 .debug_aranges
                0x00000088       0x20 c:/altera/13.0sp1/nios2eds/bin/gnu/h-i686-mingw32/bin/../lib/gcc/nios2-elf/4.1.2/../../../../nios2-elf/lib/mno-hw-mul\libc.a(lib_a-fvwrite.o)
 .debug_aranges
                0x000000a8       0x20 c:/altera/13.0sp1/nios2eds/bin/gnu/h-i686-mingw32/bin/../lib/gcc/nios2-elf/4.1.2/../../../../nios2-elf/lib/mno-hw-mul\libc.a(lib_a-mallocr.o)
 .debug_aranges
                0x000000c8       0x20 c:/altera/13.0sp1/nios2eds/bin/gnu/h-i686-mingw32/bin/../lib/gcc/nios2-elf/4.1.2/../../../../nios2-elf/lib/mno-hw-mul\libc.a(lib_a-memchr.o)
 .debug_aranges
                0x000000e8       0x20 c:/altera/13.0sp1/nios2eds/bin/gnu/h-i686-mingw32/bin/../lib/gcc/nios2-elf/4.1.2/../../../../nios2-elf/lib/mno-hw-mul\libc.a(lib_a-memcpy.o)
 .debug_aranges
                0x00000108       0x20 c:/altera/13.0sp1/nios2eds/bin/gnu/h-i686-mingw32/bin/../lib/gcc/nios2-elf/4.1.2/../../../../nios2-elf/lib/mno-hw-mul\libc.a(lib_a-memmove.o)
 .debug_aranges
                0x00000128       0x20 c:/altera/13.0sp1/nios2eds/bin/gnu/h-i686-mingw32/bin/../lib/gcc/nios2-elf/4.1.2/../../../../nios2-elf/lib/mno-hw-mul\libc.a(lib_a-reallocr.o)
 .debug_aranges
                0x00000148       0x20 c:/altera/13.0sp1/nios2eds/bin/gnu/h-i686-mingw32/bin/../lib/gcc/nios2-elf/4.1.2/../../../../nios2-elf/lib/mno-hw-mul\libc.a(lib_a-sbrkr.o)
 .debug_aranges
                0x00000168       0x20 c:/altera/13.0sp1/nios2eds/bin/gnu/h-i686-mingw32/bin/../lib/gcc/nios2-elf/4.1.2/../../../../nios2-elf/lib/mno-hw-mul\libc.a(lib_a-wsetup.o)
 .debug_aranges
                0x00000188       0x20 c:/altera/13.0sp1/nios2eds/bin/gnu/h-i686-mingw32/bin/../lib/gcc/nios2-elf/4.1.2/../../../../nios2-elf/lib/mno-hw-mul\libc.a(lib_a-fflush.o)
 .debug_aranges
                0x000001a8       0x20 c:/altera/13.0sp1/nios2eds/bin/gnu/h-i686-mingw32/bin/../lib/gcc/nios2-elf/4.1.2/../../../../nios2-elf/lib/mno-hw-mul\libc.a(lib_a-findfp.o)
 .debug_aranges
                0x000001c8       0x20 c:/altera/13.0sp1/nios2eds/bin/gnu/h-i686-mingw32/bin/../lib/gcc/nios2-elf/4.1.2/../../../../nios2-elf/lib/mno-hw-mul\libc.a(lib_a-freer.o)
 .debug_aranges
                0x000001e8       0x20 c:/altera/13.0sp1/nios2eds/bin/gnu/h-i686-mingw32/bin/../lib/gcc/nios2-elf/4.1.2/../../../../nios2-elf/lib/mno-hw-mul\libc.a(lib_a-fwalk.o)
 .debug_aranges
                0x00000208       0x20 c:/altera/13.0sp1/nios2eds/bin/gnu/h-i686-mingw32/bin/../lib/gcc/nios2-elf/4.1.2/../../../../nios2-elf/lib/mno-hw-mul\libc.a(lib_a-makebuf.o)
 .debug_aranges
                0x00000228       0x20 c:/altera/13.0sp1/nios2eds/bin/gnu/h-i686-mingw32/bin/../lib/gcc/nios2-elf/4.1.2/../../../../nios2-elf/lib/mno-hw-mul\libc.a(lib_a-memset.o)
 .debug_aranges
                0x00000248       0x20 c:/altera/13.0sp1/nios2eds/bin/gnu/h-i686-mingw32/bin/../lib/gcc/nios2-elf/4.1.2/../../../../nios2-elf/lib/mno-hw-mul\libc.a(lib_a-stdio.o)
 .debug_aranges
                0x00000268       0x20 c:/altera/13.0sp1/nios2eds/bin/gnu/h-i686-mingw32/bin/../lib/gcc/nios2-elf/4.1.2/../../../../nios2-elf/lib/mno-hw-mul\libc.a(lib_a-writer.o)
 .debug_aranges
                0x00000288       0x20 c:/altera/13.0sp1/nios2eds/bin/gnu/h-i686-mingw32/bin/../lib/gcc/nios2-elf/4.1.2/../../../../nios2-elf/lib/mno-hw-mul\libc.a(lib_a-closer.o)
 .debug_aranges
                0x000002a8       0x20 c:/altera/13.0sp1/nios2eds/bin/gnu/h-i686-mingw32/bin/../lib/gcc/nios2-elf/4.1.2/../../../../nios2-elf/lib/mno-hw-mul\libc.a(lib_a-fclose.o)
 .debug_aranges
                0x000002c8       0x20 c:/altera/13.0sp1/nios2eds/bin/gnu/h-i686-mingw32/bin/../lib/gcc/nios2-elf/4.1.2/../../../../nios2-elf/lib/mno-hw-mul\libc.a(lib_a-fstatr.o)
 .debug_aranges
                0x000002e8       0x20 c:/altera/13.0sp1/nios2eds/bin/gnu/h-i686-mingw32/bin/../lib/gcc/nios2-elf/4.1.2/../../../../nios2-elf/lib/mno-hw-mul\libc.a(lib_a-isattyr.o)
 .debug_aranges
                0x00000308       0x20 c:/altera/13.0sp1/nios2eds/bin/gnu/h-i686-mingw32/bin/../lib/gcc/nios2-elf/4.1.2/../../../../nios2-elf/lib/mno-hw-mul\libc.a(lib_a-lseekr.o)
 .debug_aranges
                0x00000328       0x20 c:/altera/13.0sp1/nios2eds/bin/gnu/h-i686-mingw32/bin/../lib/gcc/nios2-elf/4.1.2/../../../../nios2-elf/lib/mno-hw-mul\libc.a(lib_a-readr.o)
 .debug_aranges
                0x00000348       0x20 c:/altera/13.0sp1/nios2eds/bin/gnu/h-i686-mingw32/bin/../lib/gcc/nios2-elf/4.1.2/mno-hw-mul\libgcc.a(lib2-mul.o)
 .debug_aranges
                0x00000368       0x20 ../final_test_bsp/\libhal_bsp.a(alt_close.o)
 .debug_aranges
                0x00000388       0x20 ../final_test_bsp/\libhal_bsp.a(alt_dev.o)
 .debug_aranges
                0x000003a8       0x20 ../final_test_bsp/\libhal_bsp.a(alt_fstat.o)
 .debug_aranges
                0x000003c8       0x20 ../final_test_bsp/\libhal_bsp.a(alt_isatty.o)
 .debug_aranges
                0x000003e8       0x20 ../final_test_bsp/\libhal_bsp.a(alt_load.o)
 .debug_aranges
                0x00000408       0x20 ../final_test_bsp/\libhal_bsp.a(alt_lseek.o)
 .debug_aranges
                0x00000428       0x20 ../final_test_bsp/\libhal_bsp.a(alt_main.o)
 .debug_aranges
                0x00000448       0x20 ../final_test_bsp/\libhal_bsp.a(alt_malloc_lock.o)
 .debug_aranges
                0x00000468       0x20 ../final_test_bsp/\libhal_bsp.a(alt_read.o)
 .debug_aranges
                0x00000488       0x20 ../final_test_bsp/\libhal_bsp.a(alt_release_fd.o)
 .debug_aranges
                0x000004a8       0x20 ../final_test_bsp/\libhal_bsp.a(alt_sbrk.o)
 .debug_aranges
                0x000004c8       0x20 ../final_test_bsp/\libhal_bsp.a(alt_usleep.o)
 .debug_aranges
                0x000004e8       0x20 ../final_test_bsp/\libhal_bsp.a(alt_write.o)
 .debug_aranges
                0x00000508       0x20 ../final_test_bsp/\libhal_bsp.a(alt_sys_init.o)
 .debug_aranges
                0x00000528       0x20 ../final_test_bsp/\libhal_bsp.a(altera_avalon_dma.o)
 .debug_aranges
                0x00000548       0x20 ../final_test_bsp/\libhal_bsp.a(altera_avalon_jtag_uart_fd.o)
 .debug_aranges
                0x00000568       0x20 ../final_test_bsp/\libhal_bsp.a(altera_avalon_jtag_uart_init.o)
 .debug_aranges
                0x00000588       0x20 ../final_test_bsp/\libhal_bsp.a(altera_avalon_jtag_uart_ioctl.o)
 .debug_aranges
                0x000005a8       0x20 ../final_test_bsp/\libhal_bsp.a(altera_avalon_jtag_uart_read.o)
 .debug_aranges
                0x000005c8       0x20 ../final_test_bsp/\libhal_bsp.a(altera_avalon_jtag_uart_write.o)
 .debug_aranges
                0x000005e8       0x20 ../final_test_bsp/\libhal_bsp.a(alt_alarm_start.o)
 .debug_aranges
                0x00000608       0x20 ../final_test_bsp/\libhal_bsp.a(alt_busy_sleep.o)
 .debug_aranges
                0x00000628       0x20 ../final_test_bsp/\libhal_bsp.a(alt_dcache_flush_all.o)
 .debug_aranges
                0x00000648       0x20 ../final_test_bsp/\libhal_bsp.a(alt_dev_llist_insert.o)
 .debug_aranges
                0x00000668       0x20 ../final_test_bsp/\libhal_bsp.a(alt_dma_rxchan_open.o)
 .debug_aranges
                0x00000688       0x20 ../final_test_bsp/\libhal_bsp.a(alt_dma_txchan_open.o)
 .debug_aranges
                0x000006a8       0x20 ../final_test_bsp/\libhal_bsp.a(alt_do_ctors.o)
 .debug_aranges
                0x000006c8       0x20 ../final_test_bsp/\libhal_bsp.a(alt_do_dtors.o)
 .debug_aranges
                0x000006e8       0x20 ../final_test_bsp/\libhal_bsp.a(alt_find_dev.o)
 .debug_aranges
                0x00000708       0x20 ../final_test_bsp/\libhal_bsp.a(alt_icache_flush_all.o)
 .debug_aranges
                0x00000728       0x20 ../final_test_bsp/\libhal_bsp.a(alt_iic.o)
 .debug_aranges
                0x00000748       0x20 ../final_test_bsp/\libhal_bsp.a(alt_iic_isr_register.o)
 .debug_aranges
                0x00000768       0x20 ../final_test_bsp/\libhal_bsp.a(alt_io_redirect.o)
 .debug_aranges
                0x00000788       0x30 ../final_test_bsp/\libhal_bsp.a(alt_irq_entry.o)
 .debug_aranges
                0x000007b8       0x28 ../final_test_bsp/\libhal_bsp.a(alt_irq_handler.o)
 .debug_aranges
                0x000007e0       0x20 ../final_test_bsp/\libhal_bsp.a(alt_open.o)
 .debug_aranges
                0x00000800       0x20 ../final_test_bsp/\libhal_bsp.a(alt_tick.o)
 .debug_aranges
                0x00000820       0x20 ../final_test_bsp/\libhal_bsp.a(altera_nios2_qsys_irq.o)
 .debug_aranges
                0x00000840       0x38 ../final_test_bsp/\libhal_bsp.a(alt_exception_entry.o)
 .debug_aranges
                0x00000878       0x20 ../final_test_bsp/\libhal_bsp.a(alt_find_file.o)
 .debug_aranges
                0x00000898       0x20 ../final_test_bsp/\libhal_bsp.a(alt_get_fd.o)
 .debug_aranges
                0x000008b8       0x20 c:/altera/13.0sp1/nios2eds/bin/gnu/h-i686-mingw32/bin/../lib/gcc/nios2-elf/4.1.2/../../../../nios2-elf/lib/mno-hw-mul\libc.a(lib_a-atexit.o)
 .debug_aranges
                0x000008d8       0x20 c:/altera/13.0sp1/nios2eds/bin/gnu/h-i686-mingw32/bin/../lib/gcc/nios2-elf/4.1.2/../../../../nios2-elf/lib/mno-hw-mul\libc.a(lib_a-exit.o)
 .debug_aranges
                0x000008f8       0x20 c:/altera/13.0sp1/nios2eds/bin/gnu/h-i686-mingw32/bin/../lib/gcc/nios2-elf/4.1.2/../../../../nios2-elf/lib/mno-hw-mul\libc.a(lib_a-memcmp.o)
 .debug_aranges
                0x00000918       0x20 c:/altera/13.0sp1/nios2eds/bin/gnu/h-i686-mingw32/bin/../lib/gcc/nios2-elf/4.1.2/../../../../nios2-elf/lib/mno-hw-mul\libc.a(lib_a-__atexit.o)
 .debug_aranges
                0x00000938       0x20 c:/altera/13.0sp1/nios2eds/bin/gnu/h-i686-mingw32/bin/../lib/gcc/nios2-elf/4.1.2/../../../../nios2-elf/lib/mno-hw-mul\libc.a(lib_a-__call_atexit.o)
 .debug_aranges
                0x00000958       0x20 c:/altera/13.0sp1/nios2eds/bin/gnu/h-i686-mingw32/bin/../lib/gcc/nios2-elf/4.1.2/mno-hw-mul\libgcc.a(lib2-divmod.o)
 .debug_aranges
                0x00000978       0x20 ../final_test_bsp/\libhal_bsp.a(alt_exit.o)

.debug_pubnames
                0x00000000      0xf52
 *(.debug_pubnames)
 .debug_pubnames
                0x00000000       0x25 obj/default/hello_world.o
 .debug_pubnames
                0x00000025       0x27 c:/altera/13.0sp1/nios2eds/bin/gnu/h-i686-mingw32/bin/../lib/gcc/nios2-elf/4.1.2/../../../../nios2-elf/lib/mno-hw-mul\libc.a(lib_a-puts.o)
 .debug_pubnames
                0x0000004c       0x1d c:/altera/13.0sp1/nios2eds/bin/gnu/h-i686-mingw32/bin/../lib/gcc/nios2-elf/4.1.2/../../../../nios2-elf/lib/mno-hw-mul\libc.a(lib_a-strlen.o)
 .debug_pubnames
                0x00000069       0x23 c:/altera/13.0sp1/nios2eds/bin/gnu/h-i686-mingw32/bin/../lib/gcc/nios2-elf/4.1.2/../../../../nios2-elf/lib/mno-hw-mul\libc.a(lib_a-fvwrite.o)
 .debug_pubnames
                0x0000008c       0x39 c:/altera/13.0sp1/nios2eds/bin/gnu/h-i686-mingw32/bin/../lib/gcc/nios2-elf/4.1.2/../../../../nios2-elf/lib/mno-hw-mul\libc.a(lib_a-impure.o)
 .debug_pubnames
                0x000000c5       0xce c:/altera/13.0sp1/nios2eds/bin/gnu/h-i686-mingw32/bin/../lib/gcc/nios2-elf/4.1.2/../../../../nios2-elf/lib/mno-hw-mul\libc.a(lib_a-mallocr.o)
 .debug_pubnames
                0x00000193       0x1d c:/altera/13.0sp1/nios2eds/bin/gnu/h-i686-mingw32/bin/../lib/gcc/nios2-elf/4.1.2/../../../../nios2-elf/lib/mno-hw-mul\libc.a(lib_a-memchr.o)
 .debug_pubnames
                0x000001b0       0x1d c:/altera/13.0sp1/nios2eds/bin/gnu/h-i686-mingw32/bin/../lib/gcc/nios2-elf/4.1.2/../../../../nios2-elf/lib/mno-hw-mul\libc.a(lib_a-memcpy.o)
 .debug_pubnames
                0x000001cd       0x1e c:/altera/13.0sp1/nios2eds/bin/gnu/h-i686-mingw32/bin/../lib/gcc/nios2-elf/4.1.2/../../../../nios2-elf/lib/mno-hw-mul\libc.a(lib_a-memmove.o)
 .debug_pubnames
                0x000001eb       0x21 c:/altera/13.0sp1/nios2eds/bin/gnu/h-i686-mingw32/bin/../lib/gcc/nios2-elf/4.1.2/../../../../nios2-elf/lib/mno-hw-mul\libc.a(lib_a-reallocr.o)
 .debug_pubnames
                0x0000020c       0x1e c:/altera/13.0sp1/nios2eds/bin/gnu/h-i686-mingw32/bin/../lib/gcc/nios2-elf/4.1.2/../../../../nios2-elf/lib/mno-hw-mul\libc.a(lib_a-sbrkr.o)
 .debug_pubnames
                0x0000022a       0x22 c:/altera/13.0sp1/nios2eds/bin/gnu/h-i686-mingw32/bin/../lib/gcc/nios2-elf/4.1.2/../../../../nios2-elf/lib/mno-hw-mul\libc.a(lib_a-wsetup.o)
 .debug_pubnames
                0x0000024c       0x2b c:/altera/13.0sp1/nios2eds/bin/gnu/h-i686-mingw32/bin/../lib/gcc/nios2-elf/4.1.2/../../../../nios2-elf/lib/mno-hw-mul\libc.a(lib_a-fflush.o)
 .debug_pubnames
                0x00000277       0xdb c:/altera/13.0sp1/nios2eds/bin/gnu/h-i686-mingw32/bin/../lib/gcc/nios2-elf/4.1.2/../../../../nios2-elf/lib/mno-hw-mul\libc.a(lib_a-findfp.o)
 .debug_pubnames
                0x00000352       0x31 c:/altera/13.0sp1/nios2eds/bin/gnu/h-i686-mingw32/bin/../lib/gcc/nios2-elf/4.1.2/../../../../nios2-elf/lib/mno-hw-mul\libc.a(lib_a-freer.o)
 .debug_pubnames
                0x00000383       0x2e c:/altera/13.0sp1/nios2eds/bin/gnu/h-i686-mingw32/bin/../lib/gcc/nios2-elf/4.1.2/../../../../nios2-elf/lib/mno-hw-mul\libc.a(lib_a-fwalk.o)
 .debug_pubnames
                0x000003b1       0x1c c:/altera/13.0sp1/nios2eds/bin/gnu/h-i686-mingw32/bin/../lib/gcc/nios2-elf/4.1.2/../../../../nios2-elf/lib/mno-hw-mul\libc.a(lib_a-int_errno.o)
 .debug_pubnames
                0x000003cd       0x23 c:/altera/13.0sp1/nios2eds/bin/gnu/h-i686-mingw32/bin/../lib/gcc/nios2-elf/4.1.2/../../../../nios2-elf/lib/mno-hw-mul\libc.a(lib_a-makebuf.o)
 .debug_pubnames
                0x000003f0       0x1d c:/altera/13.0sp1/nios2eds/bin/gnu/h-i686-mingw32/bin/../lib/gcc/nios2-elf/4.1.2/../../../../nios2-elf/lib/mno-hw-mul\libc.a(lib_a-memset.o)
 .debug_pubnames
                0x0000040d       0x44 c:/altera/13.0sp1/nios2eds/bin/gnu/h-i686-mingw32/bin/../lib/gcc/nios2-elf/4.1.2/../../../../nios2-elf/lib/mno-hw-mul\libc.a(lib_a-stdio.o)
 .debug_pubnames
                0x00000451       0x1f c:/altera/13.0sp1/nios2eds/bin/gnu/h-i686-mingw32/bin/../lib/gcc/nios2-elf/4.1.2/../../../../nios2-elf/lib/mno-hw-mul\libc.a(lib_a-writer.o)
 .debug_pubnames
                0x00000470       0x1f c:/altera/13.0sp1/nios2eds/bin/gnu/h-i686-mingw32/bin/../lib/gcc/nios2-elf/4.1.2/../../../../nios2-elf/lib/mno-hw-mul\libc.a(lib_a-closer.o)
 .debug_pubnames
                0x0000048f       0x2b c:/altera/13.0sp1/nios2eds/bin/gnu/h-i686-mingw32/bin/../lib/gcc/nios2-elf/4.1.2/../../../../nios2-elf/lib/mno-hw-mul\libc.a(lib_a-fclose.o)
 .debug_pubnames
                0x000004ba       0x1f c:/altera/13.0sp1/nios2eds/bin/gnu/h-i686-mingw32/bin/../lib/gcc/nios2-elf/4.1.2/../../../../nios2-elf/lib/mno-hw-mul\libc.a(lib_a-fstatr.o)
 .debug_pubnames
                0x000004d9       0x20 c:/altera/13.0sp1/nios2eds/bin/gnu/h-i686-mingw32/bin/../lib/gcc/nios2-elf/4.1.2/../../../../nios2-elf/lib/mno-hw-mul\libc.a(lib_a-isattyr.o)
 .debug_pubnames
                0x000004f9       0x1f c:/altera/13.0sp1/nios2eds/bin/gnu/h-i686-mingw32/bin/../lib/gcc/nios2-elf/4.1.2/../../../../nios2-elf/lib/mno-hw-mul\libc.a(lib_a-lseekr.o)
 .debug_pubnames
                0x00000518       0x1e c:/altera/13.0sp1/nios2eds/bin/gnu/h-i686-mingw32/bin/../lib/gcc/nios2-elf/4.1.2/../../../../nios2-elf/lib/mno-hw-mul\libc.a(lib_a-readr.o)
 .debug_pubnames
                0x00000536       0x1f c:/altera/13.0sp1/nios2eds/bin/gnu/h-i686-mingw32/bin/../lib/gcc/nios2-elf/4.1.2/mno-hw-mul\libgcc.a(lib2-mul.o)
 .debug_pubnames
                0x00000555       0x1c ../final_test_bsp/\libhal_bsp.a(alt_close.o)
 .debug_pubnames
                0x00000571       0x63 ../final_test_bsp/\libhal_bsp.a(alt_dev.o)
 .debug_pubnames
                0x000005d4       0x20 ../final_test_bsp/\libhal_bsp.a(alt_errno.o)
 .debug_pubnames
                0x000005f4       0x1c ../final_test_bsp/\libhal_bsp.a(alt_fstat.o)
 .debug_pubnames
                0x00000610       0x1d ../final_test_bsp/\libhal_bsp.a(alt_isatty.o)
 .debug_pubnames
                0x0000062d       0x1f ../final_test_bsp/\libhal_bsp.a(alt_load.o)
 .debug_pubnames
                0x0000064c       0x1c ../final_test_bsp/\libhal_bsp.a(alt_lseek.o)
 .debug_pubnames
                0x00000668       0x46 ../final_test_bsp/\libhal_bsp.a(alt_main.o)
 .debug_pubnames
                0x000006ae       0x38 ../final_test_bsp/\libhal_bsp.a(alt_malloc_lock.o)
 .debug_pubnames
                0x000006e6       0x1b ../final_test_bsp/\libhal_bsp.a(alt_read.o)
 .debug_pubnames
                0x00000701       0x25 ../final_test_bsp/\libhal_bsp.a(alt_release_fd.o)
 .debug_pubnames
                0x00000726       0x1b ../final_test_bsp/\libhal_bsp.a(alt_sbrk.o)
 .debug_pubnames
                0x00000741       0x1d ../final_test_bsp/\libhal_bsp.a(alt_usleep.o)
 .debug_pubnames
                0x0000075e       0x1c ../final_test_bsp/\libhal_bsp.a(alt_write.o)
 .debug_pubnames
                0x0000077a       0x34 ../final_test_bsp/\libhal_bsp.a(alt_sys_init.o)
 .debug_pubnames
                0x000007ae       0xce ../final_test_bsp/\libhal_bsp.a(altera_avalon_dma.o)
 .debug_pubnames
                0x0000087c       0xa5 ../final_test_bsp/\libhal_bsp.a(altera_avalon_jtag_uart_fd.o)
 .debug_pubnames
                0x00000921       0x55 ../final_test_bsp/\libhal_bsp.a(altera_avalon_jtag_uart_init.o)
 .debug_pubnames
                0x00000976       0x34 ../final_test_bsp/\libhal_bsp.a(altera_avalon_jtag_uart_ioctl.o)
 .debug_pubnames
                0x000009aa       0x33 ../final_test_bsp/\libhal_bsp.a(altera_avalon_jtag_uart_read.o)
 .debug_pubnames
                0x000009dd       0x34 ../final_test_bsp/\libhal_bsp.a(altera_avalon_jtag_uart_write.o)
 .debug_pubnames
                0x00000a11       0x52 ../final_test_bsp/\libhal_bsp.a(altera_avalon_timer_vars.o)
 .debug_pubnames
                0x00000a63       0x26 ../final_test_bsp/\libhal_bsp.a(alt_alarm_start.o)
 .debug_pubnames
                0x00000a89       0x25 ../final_test_bsp/\libhal_bsp.a(alt_busy_sleep.o)
 .debug_pubnames
                0x00000aae       0x2b ../final_test_bsp/\libhal_bsp.a(alt_dcache_flush_all.o)
 .debug_pubnames
                0x00000ad9       0x2b ../final_test_bsp/\libhal_bsp.a(alt_dev_llist_insert.o)
 .debug_pubnames
                0x00000b04       0x42 ../final_test_bsp/\libhal_bsp.a(alt_dma_rxchan_open.o)
 .debug_pubnames
                0x00000b46       0x42 ../final_test_bsp/\libhal_bsp.a(alt_dma_txchan_open.o)
 .debug_pubnames
                0x00000b88       0x20 ../final_test_bsp/\libhal_bsp.a(alt_do_ctors.o)
 .debug_pubnames
                0x00000ba8       0x20 ../final_test_bsp/\libhal_bsp.a(alt_do_dtors.o)
 .debug_pubnames
                0x00000bc8       0x23 ../final_test_bsp/\libhal_bsp.a(alt_find_dev.o)
 .debug_pubnames
                0x00000beb       0x2b ../final_test_bsp/\libhal_bsp.a(alt_icache_flush_all.o)
 .debug_pubnames
                0x00000c16       0x6e ../final_test_bsp/\libhal_bsp.a(alt_iic.o)
 .debug_pubnames
                0x00000c84       0x2b ../final_test_bsp/\libhal_bsp.a(alt_iic_isr_register.o)
 .debug_pubnames
                0x00000caf       0x26 ../final_test_bsp/\libhal_bsp.a(alt_io_redirect.o)
 .debug_pubnames
                0x00000cd5       0x32 ../final_test_bsp/\libhal_bsp.a(alt_irq_handler.o)
 .debug_pubnames
                0x00000d07       0x3b ../final_test_bsp/\libhal_bsp.a(alt_irq_vars.o)
 .debug_pubnames
                0x00000d42       0x1b ../final_test_bsp/\libhal_bsp.a(alt_open.o)
 .debug_pubnames
                0x00000d5d       0x68 ../final_test_bsp/\libhal_bsp.a(alt_tick.o)
 .debug_pubnames
                0x00000dc5       0x31 ../final_test_bsp/\libhal_bsp.a(altera_nios2_qsys_irq.o)
 .debug_pubnames
                0x00000df6       0x24 ../final_test_bsp/\libhal_bsp.a(alt_find_file.o)
 .debug_pubnames
                0x00000e1a       0x21 ../final_test_bsp/\libhal_bsp.a(alt_get_fd.o)
 .debug_pubnames
                0x00000e3b       0x2a c:/altera/13.0sp1/nios2eds/bin/gnu/h-i686-mingw32/bin/../lib/gcc/nios2-elf/4.1.2/../../../../nios2-elf/lib/mno-hw-mul\libc.a(lib_a-atexit.o)
 .debug_pubnames
                0x00000e65       0x1b c:/altera/13.0sp1/nios2eds/bin/gnu/h-i686-mingw32/bin/../lib/gcc/nios2-elf/4.1.2/../../../../nios2-elf/lib/mno-hw-mul\libc.a(lib_a-exit.o)
 .debug_pubnames
                0x00000e80       0x1d c:/altera/13.0sp1/nios2eds/bin/gnu/h-i686-mingw32/bin/../lib/gcc/nios2-elf/4.1.2/../../../../nios2-elf/lib/mno-hw-mul\libc.a(lib_a-memcmp.o)
 .debug_pubnames
                0x00000e9d       0x2a c:/altera/13.0sp1/nios2eds/bin/gnu/h-i686-mingw32/bin/../lib/gcc/nios2-elf/4.1.2/../../../../nios2-elf/lib/mno-hw-mul\libc.a(lib_a-__atexit.o)
 .debug_pubnames
                0x00000ec7       0x27 c:/altera/13.0sp1/nios2eds/bin/gnu/h-i686-mingw32/bin/../lib/gcc/nios2-elf/4.1.2/../../../../nios2-elf/lib/mno-hw-mul\libc.a(lib_a-__call_atexit.o)
 .debug_pubnames
                0x00000eee       0x48 c:/altera/13.0sp1/nios2eds/bin/gnu/h-i686-mingw32/bin/../lib/gcc/nios2-elf/4.1.2/mno-hw-mul\libgcc.a(lib2-divmod.o)
 .debug_pubnames
                0x00000f36       0x1c ../final_test_bsp/\libhal_bsp.a(alt_exit.o)

.debug_info     0x00000000    0x1b16a
 *(.debug_info .gnu.linkonce.wi.*)
 .debug_info    0x00000000       0x5c ../final_test_bsp//obj/HAL/src/crt0.o
 .debug_info    0x0000005c      0x1f8 obj/default/hello_world.o
 .debug_info    0x00000254      0xa25 c:/altera/13.0sp1/nios2eds/bin/gnu/h-i686-mingw32/bin/../lib/gcc/nios2-elf/4.1.2/../../../../nios2-elf/lib/mno-hw-mul\libc.a(lib_a-puts.o)
 .debug_info    0x00000c79       0xdb c:/altera/13.0sp1/nios2eds/bin/gnu/h-i686-mingw32/bin/../lib/gcc/nios2-elf/4.1.2/../../../../nios2-elf/lib/mno-hw-mul\libc.a(lib_a-strlen.o)
 .debug_info    0x00000d54      0xa88 c:/altera/13.0sp1/nios2eds/bin/gnu/h-i686-mingw32/bin/../lib/gcc/nios2-elf/4.1.2/../../../../nios2-elf/lib/mno-hw-mul\libc.a(lib_a-fvwrite.o)
 .debug_info    0x000017dc      0x93d c:/altera/13.0sp1/nios2eds/bin/gnu/h-i686-mingw32/bin/../lib/gcc/nios2-elf/4.1.2/../../../../nios2-elf/lib/mno-hw-mul\libc.a(lib_a-impure.o)
 .debug_info    0x00002119      0xcd0 c:/altera/13.0sp1/nios2eds/bin/gnu/h-i686-mingw32/bin/../lib/gcc/nios2-elf/4.1.2/../../../../nios2-elf/lib/mno-hw-mul\libc.a(lib_a-mallocr.o)
 .debug_info    0x00002de9      0x138 c:/altera/13.0sp1/nios2eds/bin/gnu/h-i686-mingw32/bin/../lib/gcc/nios2-elf/4.1.2/../../../../nios2-elf/lib/mno-hw-mul\libc.a(lib_a-memchr.o)
 .debug_info    0x00002f21      0x106 c:/altera/13.0sp1/nios2eds/bin/gnu/h-i686-mingw32/bin/../lib/gcc/nios2-elf/4.1.2/../../../../nios2-elf/lib/mno-hw-mul\libc.a(lib_a-memcpy.o)
 .debug_info    0x00003027      0x13e c:/altera/13.0sp1/nios2eds/bin/gnu/h-i686-mingw32/bin/../lib/gcc/nios2-elf/4.1.2/../../../../nios2-elf/lib/mno-hw-mul\libc.a(lib_a-memmove.o)
 .debug_info    0x00003165      0xbd7 c:/altera/13.0sp1/nios2eds/bin/gnu/h-i686-mingw32/bin/../lib/gcc/nios2-elf/4.1.2/../../../../nios2-elf/lib/mno-hw-mul\libc.a(lib_a-reallocr.o)
 .debug_info    0x00003d3c      0x962 c:/altera/13.0sp1/nios2eds/bin/gnu/h-i686-mingw32/bin/../lib/gcc/nios2-elf/4.1.2/../../../../nios2-elf/lib/mno-hw-mul\libc.a(lib_a-sbrkr.o)
 .debug_info    0x0000469e      0x95d c:/altera/13.0sp1/nios2eds/bin/gnu/h-i686-mingw32/bin/../lib/gcc/nios2-elf/4.1.2/../../../../nios2-elf/lib/mno-hw-mul\libc.a(lib_a-wsetup.o)
 .debug_info    0x00004ffb      0x9fe c:/altera/13.0sp1/nios2eds/bin/gnu/h-i686-mingw32/bin/../lib/gcc/nios2-elf/4.1.2/../../../../nios2-elf/lib/mno-hw-mul\libc.a(lib_a-fflush.o)
 .debug_info    0x000059f9      0xb72 c:/altera/13.0sp1/nios2eds/bin/gnu/h-i686-mingw32/bin/../lib/gcc/nios2-elf/4.1.2/../../../../nios2-elf/lib/mno-hw-mul\libc.a(lib_a-findfp.o)
 .debug_info    0x0000656b      0xbc9 c:/altera/13.0sp1/nios2eds/bin/gnu/h-i686-mingw32/bin/../lib/gcc/nios2-elf/4.1.2/../../../../nios2-elf/lib/mno-hw-mul\libc.a(lib_a-freer.o)
 .debug_info    0x00007134      0xaed c:/altera/13.0sp1/nios2eds/bin/gnu/h-i686-mingw32/bin/../lib/gcc/nios2-elf/4.1.2/../../../../nios2-elf/lib/mno-hw-mul\libc.a(lib_a-fwalk.o)
 .debug_info    0x00007c21       0x8c c:/altera/13.0sp1/nios2eds/bin/gnu/h-i686-mingw32/bin/../lib/gcc/nios2-elf/4.1.2/../../../../nios2-elf/lib/mno-hw-mul\libc.a(lib_a-int_errno.o)
 .debug_info    0x00007cad      0xb1a c:/altera/13.0sp1/nios2eds/bin/gnu/h-i686-mingw32/bin/../lib/gcc/nios2-elf/4.1.2/../../../../nios2-elf/lib/mno-hw-mul\libc.a(lib_a-makebuf.o)
 .debug_info    0x000087c7      0x113 c:/altera/13.0sp1/nios2eds/bin/gnu/h-i686-mingw32/bin/../lib/gcc/nios2-elf/4.1.2/../../../../nios2-elf/lib/mno-hw-mul\libc.a(lib_a-memset.o)
 .debug_info    0x000088da      0xaac c:/altera/13.0sp1/nios2eds/bin/gnu/h-i686-mingw32/bin/../lib/gcc/nios2-elf/4.1.2/../../../../nios2-elf/lib/mno-hw-mul\libc.a(lib_a-stdio.o)
 .debug_info    0x00009386      0x993 c:/altera/13.0sp1/nios2eds/bin/gnu/h-i686-mingw32/bin/../lib/gcc/nios2-elf/4.1.2/../../../../nios2-elf/lib/mno-hw-mul\libc.a(lib_a-writer.o)
 .debug_info    0x00009d19      0x958 c:/altera/13.0sp1/nios2eds/bin/gnu/h-i686-mingw32/bin/../lib/gcc/nios2-elf/4.1.2/../../../../nios2-elf/lib/mno-hw-mul\libc.a(lib_a-closer.o)
 .debug_info    0x0000a671      0x994 c:/altera/13.0sp1/nios2eds/bin/gnu/h-i686-mingw32/bin/../lib/gcc/nios2-elf/4.1.2/../../../../nios2-elf/lib/mno-hw-mul\libc.a(lib_a-fclose.o)
 .debug_info    0x0000b005      0xafc c:/altera/13.0sp1/nios2eds/bin/gnu/h-i686-mingw32/bin/../lib/gcc/nios2-elf/4.1.2/../../../../nios2-elf/lib/mno-hw-mul\libc.a(lib_a-fstatr.o)
 .debug_info    0x0000bb01      0x958 c:/altera/13.0sp1/nios2eds/bin/gnu/h-i686-mingw32/bin/../lib/gcc/nios2-elf/4.1.2/../../../../nios2-elf/lib/mno-hw-mul\libc.a(lib_a-isattyr.o)
 .debug_info    0x0000c459      0x981 c:/altera/13.0sp1/nios2eds/bin/gnu/h-i686-mingw32/bin/../lib/gcc/nios2-elf/4.1.2/../../../../nios2-elf/lib/mno-hw-mul\libc.a(lib_a-lseekr.o)
 .debug_info    0x0000cdda      0x98c c:/altera/13.0sp1/nios2eds/bin/gnu/h-i686-mingw32/bin/../lib/gcc/nios2-elf/4.1.2/../../../../nios2-elf/lib/mno-hw-mul\libc.a(lib_a-readr.o)
 .debug_info    0x0000d766       0xf3 c:/altera/13.0sp1/nios2eds/bin/gnu/h-i686-mingw32/bin/../lib/gcc/nios2-elf/4.1.2/mno-hw-mul\libgcc.a(lib2-mul.o)
 .debug_info    0x0000d859      0x448 ../final_test_bsp/\libhal_bsp.a(alt_close.o)
 .debug_info    0x0000dca1      0x660 ../final_test_bsp/\libhal_bsp.a(alt_dev.o)
 .debug_info    0x0000e301      0x145 ../final_test_bsp/\libhal_bsp.a(alt_errno.o)
 .debug_info    0x0000e446      0x641 ../final_test_bsp/\libhal_bsp.a(alt_fstat.o)
 .debug_info    0x0000ea87      0x647 ../final_test_bsp/\libhal_bsp.a(alt_isatty.o)
 .debug_info    0x0000f0ce      0x26e ../final_test_bsp/\libhal_bsp.a(alt_load.o)
 .debug_info    0x0000f33c      0x47b ../final_test_bsp/\libhal_bsp.a(alt_lseek.o)
 .debug_info    0x0000f7b7      0x206 ../final_test_bsp/\libhal_bsp.a(alt_main.o)
 .debug_info    0x0000f9bd      0xbf9 ../final_test_bsp/\libhal_bsp.a(alt_malloc_lock.o)
 .debug_info    0x000105b6      0x66b ../final_test_bsp/\libhal_bsp.a(alt_read.o)
 .debug_info    0x00010c21      0x3d3 ../final_test_bsp/\libhal_bsp.a(alt_release_fd.o)
 .debug_info    0x00010ff4      0x298 ../final_test_bsp/\libhal_bsp.a(alt_sbrk.o)
 .debug_info    0x0001128c      0x149 ../final_test_bsp/\libhal_bsp.a(alt_usleep.o)
 .debug_info    0x000113d5      0x674 ../final_test_bsp/\libhal_bsp.a(alt_write.o)
 .debug_info    0x00011a49      0xc42 ../final_test_bsp/\libhal_bsp.a(alt_sys_init.o)
 .debug_info    0x0001268b      0xd86 ../final_test_bsp/\libhal_bsp.a(altera_avalon_dma.o)
 .debug_info    0x00013411      0x7ba ../final_test_bsp/\libhal_bsp.a(altera_avalon_jtag_uart_fd.o)
 .debug_info    0x00013bcb      0x5e2 ../final_test_bsp/\libhal_bsp.a(altera_avalon_jtag_uart_init.o)
 .debug_info    0x000141ad      0x424 ../final_test_bsp/\libhal_bsp.a(altera_avalon_jtag_uart_ioctl.o)
 .debug_info    0x000145d1      0x527 ../final_test_bsp/\libhal_bsp.a(altera_avalon_jtag_uart_read.o)
 .debug_info    0x00014af8      0x51f ../final_test_bsp/\libhal_bsp.a(altera_avalon_jtag_uart_write.o)
 .debug_info    0x00015017      0x1e8 ../final_test_bsp/\libhal_bsp.a(altera_avalon_timer_vars.o)
 .debug_info    0x000151ff      0x423 ../final_test_bsp/\libhal_bsp.a(alt_alarm_start.o)
 .debug_info    0x00015622      0x18c ../final_test_bsp/\libhal_bsp.a(alt_busy_sleep.o)
 .debug_info    0x000157ae      0x13d ../final_test_bsp/\libhal_bsp.a(alt_dcache_flush_all.o)
 .debug_info    0x000158eb      0x298 ../final_test_bsp/\libhal_bsp.a(alt_dev_llist_insert.o)
 .debug_info    0x00015b83      0x392 ../final_test_bsp/\libhal_bsp.a(alt_dma_rxchan_open.o)
 .debug_info    0x00015f15      0x3ac ../final_test_bsp/\libhal_bsp.a(alt_dma_txchan_open.o)
 .debug_info    0x000162c1       0xf0 ../final_test_bsp/\libhal_bsp.a(alt_do_ctors.o)
 .debug_info    0x000163b1       0xef ../final_test_bsp/\libhal_bsp.a(alt_do_dtors.o)
 .debug_info    0x000164a0      0x3f9 ../final_test_bsp/\libhal_bsp.a(alt_find_dev.o)
 .debug_info    0x00016899      0x13d ../final_test_bsp/\libhal_bsp.a(alt_icache_flush_all.o)
 .debug_info    0x000169d6      0x474 ../final_test_bsp/\libhal_bsp.a(alt_iic.o)
 .debug_info    0x00016e4a      0x2f5 ../final_test_bsp/\libhal_bsp.a(alt_iic_isr_register.o)
 .debug_info    0x0001713f      0x676 ../final_test_bsp/\libhal_bsp.a(alt_io_redirect.o)
 .debug_info    0x000177b5       0x65 ../final_test_bsp/\libhal_bsp.a(alt_irq_entry.o)
 .debug_info    0x0001781a      0x256 ../final_test_bsp/\libhal_bsp.a(alt_irq_handler.o)
 .debug_info    0x00017a70      0x148 ../final_test_bsp/\libhal_bsp.a(alt_irq_vars.o)
 .debug_info    0x00017bb8      0x506 ../final_test_bsp/\libhal_bsp.a(alt_open.o)
 .debug_info    0x000180be      0x3df ../final_test_bsp/\libhal_bsp.a(alt_tick.o)
 .debug_info    0x0001849d      0x144 ../final_test_bsp/\libhal_bsp.a(altera_nios2_qsys_irq.o)
 .debug_info    0x000185e1       0x6b ../final_test_bsp/\libhal_bsp.a(alt_exception_entry.o)
 .debug_info    0x0001864c      0x400 ../final_test_bsp/\libhal_bsp.a(alt_find_file.o)
 .debug_info    0x00018a4c      0x441 ../final_test_bsp/\libhal_bsp.a(alt_get_fd.o)
 .debug_info    0x00018e8d      0x181 c:/altera/13.0sp1/nios2eds/bin/gnu/h-i686-mingw32/bin/../lib/gcc/nios2-elf/4.1.2/../../../../nios2-elf/lib/mno-hw-mul\libc.a(lib_a-atexit.o)
 .debug_info    0x0001900e      0x93f c:/altera/13.0sp1/nios2eds/bin/gnu/h-i686-mingw32/bin/../lib/gcc/nios2-elf/4.1.2/../../../../nios2-elf/lib/mno-hw-mul\libc.a(lib_a-exit.o)
 .debug_info    0x0001994d      0x115 c:/altera/13.0sp1/nios2eds/bin/gnu/h-i686-mingw32/bin/../lib/gcc/nios2-elf/4.1.2/../../../../nios2-elf/lib/mno-hw-mul\libc.a(lib_a-memcmp.o)
 .debug_info    0x00019a62      0x99c c:/altera/13.0sp1/nios2eds/bin/gnu/h-i686-mingw32/bin/../lib/gcc/nios2-elf/4.1.2/../../../../nios2-elf/lib/mno-hw-mul\libc.a(lib_a-__atexit.o)
 .debug_info    0x0001a3fe      0x9e2 c:/altera/13.0sp1/nios2eds/bin/gnu/h-i686-mingw32/bin/../lib/gcc/nios2-elf/4.1.2/../../../../nios2-elf/lib/mno-hw-mul\libc.a(lib_a-__call_atexit.o)
 .debug_info    0x0001ade0      0x21c c:/altera/13.0sp1/nios2eds/bin/gnu/h-i686-mingw32/bin/../lib/gcc/nios2-elf/4.1.2/mno-hw-mul\libgcc.a(lib2-divmod.o)
 .debug_info    0x0001affc      0x16e ../final_test_bsp/\libhal_bsp.a(alt_exit.o)

.debug_abbrev   0x00000000     0x54a5
 *(.debug_abbrev)
 .debug_abbrev  0x00000000       0x12 ../final_test_bsp//obj/HAL/src/crt0.o
 .debug_abbrev  0x00000012       0x86 obj/default/hello_world.o
 .debug_abbrev  0x00000098      0x1ac c:/altera/13.0sp1/nios2eds/bin/gnu/h-i686-mingw32/bin/../lib/gcc/nios2-elf/4.1.2/../../../../nios2-elf/lib/mno-hw-mul\libc.a(lib_a-puts.o)
 .debug_abbrev  0x00000244       0x8b c:/altera/13.0sp1/nios2eds/bin/gnu/h-i686-mingw32/bin/../lib/gcc/nios2-elf/4.1.2/../../../../nios2-elf/lib/mno-hw-mul\libc.a(lib_a-strlen.o)
 .debug_abbrev  0x000002cf      0x1a3 c:/altera/13.0sp1/nios2eds/bin/gnu/h-i686-mingw32/bin/../lib/gcc/nios2-elf/4.1.2/../../../../nios2-elf/lib/mno-hw-mul\libc.a(lib_a-fvwrite.o)
 .debug_abbrev  0x00000472      0x157 c:/altera/13.0sp1/nios2eds/bin/gnu/h-i686-mingw32/bin/../lib/gcc/nios2-elf/4.1.2/../../../../nios2-elf/lib/mno-hw-mul\libc.a(lib_a-impure.o)
 .debug_abbrev  0x000005c9      0x216 c:/altera/13.0sp1/nios2eds/bin/gnu/h-i686-mingw32/bin/../lib/gcc/nios2-elf/4.1.2/../../../../nios2-elf/lib/mno-hw-mul\libc.a(lib_a-mallocr.o)
 .debug_abbrev  0x000007df       0xb5 c:/altera/13.0sp1/nios2eds/bin/gnu/h-i686-mingw32/bin/../lib/gcc/nios2-elf/4.1.2/../../../../nios2-elf/lib/mno-hw-mul\libc.a(lib_a-memchr.o)
 .debug_abbrev  0x00000894       0xb5 c:/altera/13.0sp1/nios2eds/bin/gnu/h-i686-mingw32/bin/../lib/gcc/nios2-elf/4.1.2/../../../../nios2-elf/lib/mno-hw-mul\libc.a(lib_a-memcpy.o)
 .debug_abbrev  0x00000949       0xb5 c:/altera/13.0sp1/nios2eds/bin/gnu/h-i686-mingw32/bin/../lib/gcc/nios2-elf/4.1.2/../../../../nios2-elf/lib/mno-hw-mul\libc.a(lib_a-memmove.o)
 .debug_abbrev  0x000009fe      0x1c3 c:/altera/13.0sp1/nios2eds/bin/gnu/h-i686-mingw32/bin/../lib/gcc/nios2-elf/4.1.2/../../../../nios2-elf/lib/mno-hw-mul\libc.a(lib_a-reallocr.o)
 .debug_abbrev  0x00000bc1      0x18c c:/altera/13.0sp1/nios2eds/bin/gnu/h-i686-mingw32/bin/../lib/gcc/nios2-elf/4.1.2/../../../../nios2-elf/lib/mno-hw-mul\libc.a(lib_a-sbrkr.o)
 .debug_abbrev  0x00000d4d      0x170 c:/altera/13.0sp1/nios2eds/bin/gnu/h-i686-mingw32/bin/../lib/gcc/nios2-elf/4.1.2/../../../../nios2-elf/lib/mno-hw-mul\libc.a(lib_a-wsetup.o)
 .debug_abbrev  0x00000ebd      0x1c6 c:/altera/13.0sp1/nios2eds/bin/gnu/h-i686-mingw32/bin/../lib/gcc/nios2-elf/4.1.2/../../../../nios2-elf/lib/mno-hw-mul\libc.a(lib_a-fflush.o)
 .debug_abbrev  0x00001083      0x24c c:/altera/13.0sp1/nios2eds/bin/gnu/h-i686-mingw32/bin/../lib/gcc/nios2-elf/4.1.2/../../../../nios2-elf/lib/mno-hw-mul\libc.a(lib_a-findfp.o)
 .debug_abbrev  0x000012cf      0x1d9 c:/altera/13.0sp1/nios2eds/bin/gnu/h-i686-mingw32/bin/../lib/gcc/nios2-elf/4.1.2/../../../../nios2-elf/lib/mno-hw-mul\libc.a(lib_a-freer.o)
 .debug_abbrev  0x000014a8      0x1e3 c:/altera/13.0sp1/nios2eds/bin/gnu/h-i686-mingw32/bin/../lib/gcc/nios2-elf/4.1.2/../../../../nios2-elf/lib/mno-hw-mul\libc.a(lib_a-fwalk.o)